---
source: qrender/tests/adapter.rs
expression: "render_item(&legacy, &config).unwrap()"
---
# names

official name: 
	Nairobi
native label: 
	Nairobi
demonym: 
	Nairobien (applies to part: masculine singular)
	Nairobienne (applies to part: feminine singular)
	Nairobian
	nairobienne (applies to part: feminine singular)
	Monairobi
	nairobien (applies to part: masculine singular)
	Najrobiano

# articleimage

page banner: 
	http://commons.wikimedia.org/wiki/Special:FilePath/Nairobi%20banner.jpg
nighttime view: 
	http://commons.wikimedia.org/wiki/Special:FilePath/Nairobi%20economic%20capital%20of%20africa.jpg
aerial view: 
	http://commons.wikimedia.org/wiki/Special:FilePath/Nairobi%20Aerial%20Photo.jpg
montage image: 
	http://commons.wikimedia.org/wiki/Special:FilePath/Nairobi%20Montage%20A.jpg

# categories

Commons category: 
	Nairobi
category for the view of the item: 
	Category:Views of Nairobi
category for maps or plans: 
	Category:Maps of Nairobi
category for people born here: 
	Category:Births in Nairobi
category for people who died here: 
	Category:Deaths in Nairobi
category of associated people: 
	Category:People from Nairobi
topic&#x27;s main category: 
	Category:Nairobi

# geography

elevation above sea level: 
	1661
area: 
	696

# government_headed_by

head of government: 
	Sakaja Johnson (start time: 2022-01-01T00:00:00Z)

# located_in

country: 
	Kenya
located in the administrative territorial entity: 
	Nairobi City County

# location

coordinate location: 
	Point(36.817222222 -1.286388888)
locator map image: 
	http://commons.wikimedia.org/wiki/Special:FilePath/Nairobi%20County%20location%20map.png

# population

population: 
	3240155 (point in time: 2010-01-01T00:00:00Z)
	5545000 (point in time: 2016-01-01T00:00:00Z)
	3138369 (point in time: 2009-01-01T00:00:00Z)

# pronunciation

pronunciation audio: 
	http://commons.wikimedia.org/wiki/Special:FilePath/Swa-nairobi.ogg (language of work or name: Swahili)

# sister_city

twinned administrative body: 
	Raleigh (start time: 2022-01-01T00:00:00Z)
	Kunming
	Colonia Tovar
	Denver (start time: 1975-01-01T00:00:00Z)
	Rio de Janeiro
	Pingxiang
	Parintins

# topics

history of topic: 
	timeline of Nairobi history
economy of topic: 
	economy of Nairobi

# web

official website: 
	https://nairobi.go.ke/
hashtag: 
	Nairobi

# default

image: 
	http://commons.wikimedia.org/wiki/Special:FilePath/Nairobi%2C%20view%20from%20KICC.JPG
instance of: 
	administrative territorial entity of Kenya
	big city
flag image: 
	http://commons.wikimedia.org/wiki/Special:FilePath/Flag%20of%20Nairobi.svg
coat of arms image: 
	http://commons.wikimedia.org/wiki/Special:FilePath/Coat%20of%20Arms%20of%20Nairobi.svg
part of: 
	Southern Rift Valley
located in time zone: 
	UTC+03:00
inception: 
	1899-01-01T00:00:00Z
Commons gallery: 
	Nairobi
described by source: 
	Encyclopædia Britannica 11th edition (statement is subject of: 1911 Encyclopædia Britannica/Nairobi)
capital of: 
	Nairobi Province
	Kenya (start time: 1963-01-01T00:00:00Z)
	Nairobi City County
	Kenya Colony (start time: 1920-01-01T00:00:00Z, end time: 1963-01-01T00:00:00Z)
language used: 
	English
	Swahili
	Maasai
on focus list of Wikimedia project: 
	Wikipedia:List of articles all languages should have
	Wikipedia:Vital articles/Level/4 (point in time: 2022-10-31T00:00:00Z)
open data portal: 
	Nairobi open data
Yale LUX ID: 
	place/2594dec6-5ad7-4c29-9b82-864ef69905b3
Harper&#x27;s tag: 
	nairobi
