---
source: qrender/tests/factoid.rs
expression: body
---

<body data-archetype="person">
<svg hidden aria-hidden="true"><defs><symbol id="i-archive" viewBox="0 -960 960 960"><path d="m480-240 160-160-56-56-64 64v-168h-80v168l-64-64-56 56 160 160ZM200-640v440h560v-440H200Zm0 520q-33 0-56.5-23.5T120-200v-499q0-14 4.5-27t13.5-24l50-61q11-14 27.5-21.5T250-840h460q18 0 34.5 7.5T772-811l50 61q9 11 13.5 24t4.5 27v499q0 33-23.5 56.5T760-120H200Zm16-600h528l-34-40H250l-34 40Zm264 300Z"/></symbol>
<symbol id="i-article" viewBox="0 -960 960 960"><path d="M280-280h280v-80H280v80Zm0-160h400v-80H280v80Zm0-160h400v-80H280v80Zm-80 480q-33 0-56.5-23.5T120-200v-560q0-33 23.5-56.5T200-840h560q33 0 56.5 23.5T840-760v560q0 33-23.5 56.5T760-120H200Zm0-80h560v-560H200v560Zm0-560v560-560Z"/></symbol>
<symbol id="i-communities" viewBox="0 -960 960 960"><path d="M360-320q33 0 56.5-23.5T440-400q0-33-23.5-56.5T360-480q-33 0-56.5 23.5T280-400q0 33 23.5 56.5T360-320Zm240 0q33 0 56.5-23.5T680-400q0-33-23.5-56.5T600-480q-33 0-56.5 23.5T520-400q0 33 23.5 56.5T600-320ZM480-520q33 0 56.5-23.5T560-600q0-33-23.5-56.5T480-680q-33 0-56.5 23.5T400-600q0 33 23.5 56.5T480-520Zm0 440q-83 0-156-31.5T197-197q-54-54-85.5-127T80-480q0-83 31.5-156T197-763q54-54 127-85.5T480-880q83 0 156 31.5T763-763q54 54 85.5 127T880-480q0 83-31.5 156T763-197q-54 54-127 85.5T480-80Zm0-80q134 0 227-93t93-227q0-134-93-227t-227-93q-134 0-227 93t-93 227q0 134 93 227t227 93Zm0-320Z"/></symbol>
<symbol id="i-event" viewBox="0 -960 960 960"><path d="M580-240q-42 0-71-29t-29-71q0-42 29-71t71-29q42 0 71 29t29 71q0 42-29 71t-71 29ZM200-80q-33 0-56.5-23.5T120-160v-560q0-33 23.5-56.5T200-800h40v-80h80v80h320v-80h80v80h40q33 0 56.5 23.5T840-720v560q0 33-23.5 56.5T760-80H200Zm0-80h560v-400H200v400Zm0-480h560v-80H200v80Zm0 0v-80 80Z"/></symbol>
<symbol id="i-group" viewBox="0 -960 960 960"><path d="M40-160v-112q0-34 17.5-62.5T104-378q62-31 126-46.5T360-440q66 0 130 15.5T616-378q29 15 46.5 43.5T680-272v112H40Zm720 0v-120q0-44-24.5-84.5T666-434q51 6 96 20.5t84 35.5q36 20 55 44.5t19 53.5v120H760ZM360-480q-66 0-113-47t-47-113q0-66 47-113t113-47q66 0 113 47t47 113q0 66-47 113t-113 47Zm400-160q0 66-47 113t-113 47q-11 0-28-2.5t-28-5.5q27-32 41.5-71t14.5-81q0-42-14.5-81T544-792q14-5 28-6.5t28-1.5q66 0 113 47t47 113ZM120-240h480v-32q0-11-5.5-20T580-306q-54-27-109-40.5T360-360q-56 0-111 13.5T140-306q-9 5-14.5 14t-5.5 20v32Zm240-320q33 0 56.5-23.5T440-640q0-33-23.5-56.5T360-720q-33 0-56.5 23.5T280-640q0 33 23.5 56.5T360-560Zm0 320Zm0-400Z"/></symbol>
<symbol id="i-height" viewBox="0 -960 960 960"><path d="M480-120 320-280l56-56 64 63v-414l-64 63-56-56 160-160 160 160-56 57-64-64v414l64-63 56 56-160 160Z"/></symbol>
<symbol id="i-language" viewBox="0 -960 960 960"><path d="M480-80q-82 0-155-31.5t-127.5-86Q143-252 111.5-325T80-480q0-83 31.5-155.5t86-127Q252-817 325-848.5T480-880q83 0 155.5 31.5t127 86q54.5 54.5 86 127T880-480q0 82-31.5 155t-86 127.5q-54.5 54.5-127 86T480-80Zm0-82q26-36 45-75t31-83H404q12 44 31 83t45 75Zm-104-16q-18-33-31.5-68.5T322-320H204q29 50 72.5 87t99.5 55Zm208 0q56-18 99.5-55t72.5-87H638q-9 38-22.5 73.5T584-178ZM170-400h136q-3-20-4.5-39.5T300-480q0-21 1.5-40.5T306-560H170q-5 20-7.5 39.5T160-480q0 21 2.5 40.5T170-400Zm216 0h188q3-20 4.5-39.5T580-480q0-21-1.5-40.5T574-560H386q-3 20-4.5 39.5T380-480q0 21 1.5 40.5T386-400Zm268 0h136q5-20 7.5-39.5T800-480q0-21-2.5-40.5T790-560H654q3 20 4.5 39.5T660-480q0 21-1.5 40.5T654-400Zm-16-240h118q-29-50-72.5-87T584-782q18 33 31.5 68.5T638-640Zm-234 0h152q-12-44-31-83t-45-75q-26 36-45 75t-31 83Zm-200 0h118q9-38 22.5-73.5T376-782q-56 18-99.5 55T204-640Z"/></symbol>
<symbol id="i-person" viewBox="0 -960 960 960"><path d="M480-480q-66 0-113-47t-47-113q0-66 47-113t113-47q66 0 113 47t47 113q0 66-47 113t-113 47ZM160-160v-112q0-34 17.5-62.5T224-378q62-31 126-46.5T480-440q66 0 130 15.5T736-378q29 15 46.5 43.5T800-272v112H160Zm80-80h480v-32q0-11-5.5-20T700-306q-54-27-109-40.5T480-360q-56 0-111 13.5T260-306q-9 5-14.5 14t-5.5 20v32Zm240-320q33 0 56.5-23.5T560-640q0-33-23.5-56.5T480-720q-33 0-56.5 23.5T400-640q0 33 23.5 56.5T480-560Zm0-80Zm0 400Z"/></symbol>
<symbol id="i-school" viewBox="0 -960 960 960"><path d="M480-120 200-272v-240L40-600l440-240 440 240v320h-80v-276l-80 44v240L480-120Zm0-332 274-148-274-148-274 148 274 148Zm0 241 200-108v-151L480-360 280-470v151l200 108Zm0-241Zm0 90Zm0 0Z"/></symbol>
<symbol id="i-sell" viewBox="0 -960 960 960"><path d="M856-390 570-104q-12 12-27 18t-30 6q-15 0-30-6t-27-18L103-457q-11-11-17-25.5T80-513v-287q0-33 23.5-56.5T160-880h287q16 0 31 6.5t26 17.5l352 353q12 12 17.5 27t5.5 30q0 15-5.5 29.5T856-390ZM513-160l286-286-353-354H160v286l353 354ZM260-640q25 0 42.5-17.5T320-700q0-25-17.5-42.5T260-760q-25 0-42.5 17.5T200-700q0 25 17.5 42.5T260-640Zm220 160Z"/></symbol>
<symbol id="i-trophy" viewBox="0 -960 960 960"><path d="M280-120v-80h160v-124q-49-11-87.5-41.5T296-442q-75-9-125.5-65.5T120-640v-40q0-33 23.5-56.5T200-760h80v-80h400v80h80q33 0 56.5 23.5T840-680v40q0 76-50.5 132.5T664-442q-18 46-56.5 76.5T520-324v124h160v80H280Zm0-408v-152h-80v40q0 38 22 68.5t58 43.5Zm200 128q50 0 85-35t35-85v-240H360v240q0 50 35 85t85 35Zm200-128q36-13 58-43.5t22-68.5v-40h-80v152Zm-200-52Z"/></symbol>
</defs></svg>
<div class="page">
  <header class="page-header">
    
    <a class="page-header__hero" href="https://commons.wikimedia.org/wiki/File:Elliot%20Page%202026.jpg"><img src="https://commons.wikimedia.org/wiki/Special:FilePath/Elliot%20Page%202026.jpg?width=640" alt="Elliot Page"></a>
    
    <div>
      <h1>Elliot Page</h1>
      
      
      <p class="page-header__dates">1987 –</p>
      
      
      
      <p class="page-header__description">Canadian actor</p>
      
      
      
      <p class="page-header__tagline">film actor · director · film director · television presenter</p>
      
      
    </div>
    
    
    
  </header>

  <main>
    
    <section class="page-section">
      <h2 class="page-section__title"><svg class="icon" aria-hidden="true"><use href="#i-person"/></svg><span class="visually-hidden">life</span>
      </h2>
      <div class="cards">
        
        
<section class="card" data-variant="facts-table" style="--cols: 2; --rows: 3">
  <h2 class="card__title"><svg class="icon" aria-hidden="true"><use href="#i-article"/></svg><span class="visually-hidden">Names</span></h2>
  
  <dl class="facts">
    
    <div class="facts__row">
      <dt>given name</dt>
      <dd>
        <ul class="chips">
          
          
          
          
          <li class="chip"><a href="https://www.wikidata.org/wiki/Q19826493">Elliot</a> <small class="chip__span">2020 –</small></li>
          
          
          
          
        </ul>
      </dd>
    </div>
    
    <div class="facts__row">
      <dt>family name</dt>
      <dd>
        <ul class="chips">
          
          
          
          
          <li class="chip chip--current"><a href="https://www.wikidata.org/wiki/Q13563379">Page</a> <small class="chip__note">reason for preferred rank: currently valid value</small></li>
          
          
          
          
          
          
          <li class="chip chip--ended"><a href="https://www.wikidata.org/wiki/Q37514091">Philpotts</a> <small class="chip__span">– 2020</small></li>
          
          
          
          
        </ul>
      </dd>
    </div>
    
    <div class="facts__row">
      <dt>name in native language</dt>
      <dd>
        <ul class="chips">
          
          
          
          
          <li class="fact-text">Elliot Page <small class="fact-note">2020 –</small></li>
          
          
          
          
        </ul>
      </dd>
    </div>
    
    <div class="facts__row">
      <dt>birth name</dt>
      <dd>
        <ul class="chips">
          
          
          
          
          <li class="fact-text">Ellen Grace Philpotts-Page <small class="fact-note">object of statement has role: deadname</small></li>
          
          
          
          
        </ul>
      </dd>
    </div>
    
  </dl>

  
</section>

        
        
<section class="card" data-variant="fact-line" style="--cols: 2; --rows: 1">
  <h2 class="card__title"><svg class="icon" aria-hidden="true"><use href="#i-group"/></svg><span>spouse</span></h2>
  
  <dl class="facts">
    
    <div class="facts__row">
      
      <dd>
        <ul class="chips">
          
          
          
          
          <li class="chip chip--ended"><a href="https://www.wikidata.org/wiki/Q48775294">Emma Portner</a> <small class="chip__span">2018 – 2021</small></li>
          
          
          
          
        </ul>
      </dd>
    </div>
    
  </dl>

  
</section>

        
        
<section class="card" data-variant="facts-table" style="--cols: 2; --rows: 2">
  <h2 class="card__title"><svg class="icon" aria-hidden="true"><use href="#i-language"/></svg><span class="visually-hidden">Languages</span></h2>
  
  <dl class="facts">
    
    <div class="facts__row">
      <dt>native language</dt>
      <dd>
        <ul class="chips">
          
          
          
          
          <li class="chip"><img class="chip__thumb" src="https://commons.wikimedia.org/wiki/Special:FilePath/Isabellaplaque1.jpg?width=96" alt="" loading="lazy"><a href="https://www.wikidata.org/wiki/Q44676">Canadian English</a></li>
          
          
          
          
        </ul>
      </dd>
    </div>
    
    <div class="facts__row">
      <dt>languages spoken, written or signed</dt>
      <dd>
        <ul class="chips">
          
          
          
          
          <li class="chip"><img class="chip__thumb" src="https://commons.wikimedia.org/wiki/Special:FilePath/William%20Shakespeare%20-%20Sonnet%20XXX%20-%20Rapenburg%2030%2C%20Leiden%20%28cropped%29.JPG?width=96" alt="" loading="lazy"><a href="https://www.wikidata.org/wiki/Q1860">English</a></li>
          
          
          
          
        </ul>
      </dd>
    </div>
    
  </dl>

  
</section>

        
        
<section class="card" data-variant="facts-table" style="--cols: 2; --rows: 3">
  <h2 class="card__title"><svg class="icon" aria-hidden="true"><use href="#i-event"/></svg><span class="visually-hidden">Vital</span></h2>
  
  <dl class="facts">
    
    <div class="facts__row">
      <dt>date of birth</dt>
      <dd>
        <ul class="chips">
          
          
          
          
          <li class="fact-text">1987-02-21 <small class="fact-note">reason for preferred rank: most precise value</small></li>
          
          
          
          
          
          
          <li class="fact-text">1987</li>
          
          
          
          
        </ul>
      </dd>
    </div>
    
    <div class="facts__row">
      <dt>place of birth</dt>
      <dd>
        <ul class="chips">
          
          
          
          
          <li class="chip"><img class="chip__thumb" src="https://commons.wikimedia.org/wiki/Special:FilePath/Halifax%20City%20Hall%2C%20summer%202014.jpg?width=96" alt="" loading="lazy"><a href="https://www.wikidata.org/wiki/Q2141">Halifax</a></li>
          
          
          
          
          
          
          <li class="chip"><img class="chip__thumb" src="https://commons.wikimedia.org/wiki/Special:FilePath/Halifax%20Canada%20Day%202007.jpg?width=96" alt="" loading="lazy"><a href="https://www.wikidata.org/wiki/Q3246744">Halifax</a></li>
          
          
          
          
        </ul>
      </dd>
    </div>
    
    <div class="facts__row">
      <dt>sex or gender</dt>
      <dd>
        <ul class="chips">
          
          
          
          
          <li class="chip"><img class="chip__thumb" src="https://commons.wikimedia.org/wiki/Special:FilePath/Asteroid%20symbol%20%28bold%29.svg?width=96" alt="" loading="lazy"><a href="https://www.wikidata.org/wiki/Q48270">non-binary</a> <small class="chip__note">announcement date: 2020-12-01</small></li>
          
          
          
          
          
          
          <li class="chip"><img class="chip__thumb" src="https://commons.wikimedia.org/wiki/Special:FilePath/Towell%20%2814765292799%29.jpg?width=96" alt="" loading="lazy"><a href="https://www.wikidata.org/wiki/Q2449503">trans man</a> <small class="chip__note">announcement date: 2020-12-01</small></li>
          
          
          
          
        </ul>
      </dd>
    </div>
    
  </dl>

  
</section>

        
      </div>
    </section>
    
    <section class="page-section">
      <h2 class="page-section__title"><svg class="icon" aria-hidden="true"><use href="#i-event"/></svg><span class="visually-hidden">career</span>
      </h2>
      <div class="cards">
        
        
<section class="card" data-variant="timeline" style="--cols: 2; --rows: 4">
  <h2 class="card__title"><svg class="icon" aria-hidden="true"><use href="#i-event"/></svg><span class="visually-hidden">timeline</span></h2>
  
  <ol class="timeline">
    
    <li class="timeline__event">
      <span class="timeline__date">1987</span>
      <span class="timeline__marker" aria-hidden="true"></span>
      <span class="timeline__body"><span>date of birth</span></span>
    </li>
    
    <li class="timeline__event">
      <span class="timeline__date">1987</span>
      <span class="timeline__marker" aria-hidden="true"></span>
      <span class="timeline__body"><span>date of birth</span></span>
    </li>
    
    <li class="timeline__event">
      <span class="timeline__date">2004</span>
      <span class="timeline__marker" aria-hidden="true"></span>
      <span class="timeline__body"><span>Gemini Award</span> <small class="timeline__label">award received</small></span>
    </li>
    
    <li class="timeline__event">
      <span class="timeline__date">2007</span>
      <span class="timeline__marker" aria-hidden="true"></span>
      <span class="timeline__body"><span>Satellite Award for Best Actress – Motion Picture</span> <small class="timeline__label">award received</small></span>
    </li>
    
    <li class="timeline__event">
      <span class="timeline__date">2008</span>
      <span class="timeline__marker" aria-hidden="true"></span>
      <span class="timeline__body"><span>Independent Spirit Award for Best Female Lead</span> <small class="timeline__label">award received</small></span>
    </li>
    
    <li class="timeline__event">
      <span class="timeline__date">2018</span>
      <span class="timeline__marker" aria-hidden="true"></span>
      <span class="timeline__body"><span>Emma Portner</span> <small class="timeline__label">spouse</small></span>
    </li>
    
    <li class="timeline__event">
      <span class="timeline__date">2024</span>
      <span class="timeline__marker" aria-hidden="true"></span>
      <span class="timeline__body"><img class="timeline__thumb" src="https://commons.wikimedia.org/wiki/Special:FilePath/Time100.svg?width=96" alt="" loading="lazy"><span>Time 100</span> <small class="timeline__label">award received</small></span>
    </li>
    
  </ol>

  
</section>

        
        
<section class="card" data-variant="tile-strip" style="--cols: 4; --rows: 2">
  <h2 class="card__title"><svg class="icon" aria-hidden="true"><use href="#i-school"/></svg><span>educated at</span></h2>
  
  <dl class="facts">
    
    <div class="facts__row">
      
      <dd>
        <ul class="chips">
          
          
          
          
          <li class="chip"><img class="chip__thumb" src="https://commons.wikimedia.org/wiki/Special:FilePath/Shamby.jpg?width=400" alt="" loading="lazy"><a href="https://www.wikidata.org/wiki/Q7487458">Shambhala School</a></li>
          
          
          
          
          
          
          <li class="chip"><img class="chip__thumb" src="https://commons.wikimedia.org/wiki/Special:FilePath/Vaughan%20road%20academy%20mon.jpeg?width=400" alt="" loading="lazy"><a href="https://www.wikidata.org/wiki/Q7917312">Vaughan Road Academy</a></li>
          
          
          
          
          
          
          <li class="chip"><img class="chip__thumb" src="https://commons.wikimedia.org/wiki/Special:FilePath/Halifax%20Grammar%20School.JPG?width=400" alt="" loading="lazy"><a href="https://www.wikidata.org/wiki/Q14875677">Halifax Grammar School</a></li>
          
          
          
          
          
          
          <li class="chip"><img class="chip__thumb" src="https://commons.wikimedia.org/wiki/Special:FilePath/Queen%20Elizabeth%20High%20School%20-%20Halifax.jpg?width=400" alt="" loading="lazy"><a href="https://www.wikidata.org/wiki/Q7270334">Queen Elizabeth High School</a></li>
          
          
          
          
        </ul>
      </dd>
    </div>
    
  </dl>

  
</section>

        
        
<section class="card" data-variant="tile-strip" style="--cols: 4; --rows: 2">
  <h2 class="card__title"><span>field of work</span></h2>
  
  <dl class="facts">
    
    <div class="facts__row">
      
      <dd>
        <ul class="chips">
          
          
          
          
          <li class="chip"><img class="chip__thumb" src="https://commons.wikimedia.org/wiki/Special:FilePath/Greenpeacebelomonte.jpg?width=400" alt="" loading="lazy"><a href="https://www.wikidata.org/wiki/Q203764">activism</a></li>
          
          
          
          
          
          
          <li class="chip"><img class="chip__thumb" src="https://commons.wikimedia.org/wiki/Special:FilePath/Clapperboard%2C%20O2%20film%2C%20September%202008.jpg?width=400" alt="" loading="lazy"><a href="https://www.wikidata.org/wiki/Q932586">film production</a></li>
          
          
          
          
          
          
          <li class="chip"><a href="https://www.wikidata.org/wiki/Q12765827">film direction</a></li>
          
          
          
          
          
          
          <li class="chip"><img class="chip__thumb" src="https://commons.wikimedia.org/wiki/Special:FilePath/Contios%20en%20de%20Nachtvorst%20-%20GVH%20%2881%29.jpg?width=400" alt="" loading="lazy"><a href="https://www.wikidata.org/wiki/Q222749">acting</a></li>
          
          
          
          
        </ul>
      </dd>
    </div>
    
  </dl>

  
</section>

        
        
<section class="card" data-variant="tile-strip" style="--cols: 4; --rows: 2">
  <h2 class="card__title"><span>occupation</span></h2>
  
  <dl class="facts">
    
    <div class="facts__row">
      
      <dd>
        <ul class="chips">
          
          
          
          
          <li class="chip chip--current"><a href="https://www.wikidata.org/wiki/Q10800557">film actor</a></li>
          
          
          
          
          
          
          <li class="chip"><img class="chip__thumb" src="https://commons.wikimedia.org/wiki/Special:FilePath/Badham%20Palance%201974.jpg?width=400" alt="" loading="lazy"><a href="https://www.wikidata.org/wiki/Q3455803">director</a></li>
          
          
          
          
          
          
          <li class="chip"><img class="chip__thumb" src="https://commons.wikimedia.org/wiki/Special:FilePath/Mahmoud%20Zulfikar%2C%201968.jpg?width=400" alt="" loading="lazy"><a href="https://www.wikidata.org/wiki/Q2526255">film director</a></li>
          
          
          
          
          
          
          <li class="chip"><img class="chip__thumb" src="https://commons.wikimedia.org/wiki/Special:FilePath/US%20Navy%20070702-N-8110K-002%20New%20England%20Cable%20News%20television%20anchor%2C%20Karen%20Meyers%20speaks%20to%20Commander%2C%20Naval%20Sea%20Systems%20Command%2C%20Vice%20Adm.%20Paul%20Sullivan%20about%20the%20Navy%27s%20role%20in%20the%20global%20war%20on%20terrorism.jpg?width=400" alt="" loading="lazy"><a href="https://www.wikidata.org/wiki/Q947873">television presenter</a></li>
          
          
          
          
          
          
          <li class="chip"><a href="https://www.wikidata.org/wiki/Q15253558">activist</a></li>
          
          
          
          
          
          
          <li class="chip"><img class="chip__thumb" src="https://commons.wikimedia.org/wiki/Special:FilePath/Karen%20Loveland%20directs%20filming%20of%20a%20movie%20for%20the%20Smithsonian%27s%20%22The%20History%20of%20Jazz%22%20exhibition.jpg?width=400" alt="" loading="lazy"><a href="https://www.wikidata.org/wiki/Q3282637">film producer</a></li>
          
          
          
          
          
          
          <li class="chip"><img class="chip__thumb" src="https://commons.wikimedia.org/wiki/Special:FilePath/Chaplin%20The%20Kid%20edit.jpg?width=400" alt="" loading="lazy"><a href="https://www.wikidata.org/wiki/Q33999">actor</a></li>
          
          
          
          
        </ul>
      </dd>
    </div>
    
  </dl>

  
</section>

        
      </div>
    </section>
    
    <section class="page-section">
      <h2 class="page-section__title"><svg class="icon" aria-hidden="true"><use href="#i-trophy"/></svg><span class="visually-hidden">legacy</span>
      </h2>
      <div class="cards">
        
        
<section class="card" data-variant="chip-list" style="--cols: 2; --rows: 3">
  <h2 class="card__title"><svg class="icon" aria-hidden="true"><use href="#i-trophy"/></svg><span>award received</span></h2>
  
  <dl class="facts">
    
    <div class="facts__row">
      
      <dd>
        <ul class="chips">
          
          
          
          
          <li class="chip"><a href="https://www.wikidata.org/wiki/Q923408">Gemini Award</a> <small class="chip__span">2004</small></li>
          
          
          
          
          
          
          <li class="chip"><a href="https://www.wikidata.org/wiki/Q115796547">Canadian Comedy Award for Best Performance by a Female – Film</a></li>
          
          
          
          
          
          
          <li class="chip"><a href="https://www.wikidata.org/wiki/Q1371682">Satellite Award for Best Actress – Motion Picture</a> <small class="chip__span">2007</small> <small class="chip__note">for work: Juno, statement is subject of: Satellite Awards 2007</small></li>
          
          
          
          
          
          
          <li class="chip"><img class="chip__thumb" src="https://commons.wikimedia.org/wiki/Special:FilePath/Time100.svg?width=96" alt="" loading="lazy"><a href="https://www.wikidata.org/wiki/Q604370">Time 100</a> <small class="chip__span">2024</small></li>
          
          
          
          
          
          
          <li class="chip"><a href="https://www.wikidata.org/wiki/Q2544851">Independent Spirit Award for Best Female Lead</a> <small class="chip__span">2008</small> <small class="chip__note">for work: Juno</small></li>
          
          
          
          
        </ul>
      </dd>
    </div>
    
  </dl>

  
</section>

        
      </div>
    </section>
    

    
    <div class="cards">
      
      
<section class="card" data-variant="stat-block" style="--cols: 2; --rows: 1">
  <h2 class="card__title"><svg class="icon" aria-hidden="true"><use href="#i-height"/></svg><span>height</span></h2>
  
  <p class="stat">
    <span class="stat__value">1.55 metre</span>
    
  </p>

  
</section>

      
      
<section class="card" data-variant="portrait" style="--cols: 2; --rows: 3">
  <h2 class="card__title"><span>country of citizenship</span></h2>
  
  <dl class="facts">
    
    <div class="facts__row">
      
      <dd>
        <ul class="chips">
          
          
          
          
          <li class="chip"><img class="chip__thumb" src="https://commons.wikimedia.org/wiki/Special:FilePath/Canada%20-%20Location%20Map%20%282013%29%20-%20CAN%20-%20UNOCHA.svg?width=400" alt="" loading="lazy"><a href="https://www.wikidata.org/wiki/Q16">Canada</a></li>
          
          
          
          
        </ul>
      </dd>
    </div>
    
  </dl>

  
</section>

      
      
<section class="card" data-variant="fact-line" style="--cols: 2; --rows: 1">
  <h2 class="card__title"><span>sexual orientation</span></h2>
  
  <dl class="facts">
    
    <div class="facts__row">
      
      <dd>
        <ul class="chips">
          
          
          
          
          <li class="chip"><a href="https://www.wikidata.org/wiki/Q339014">non-heterosexuality</a> <small class="chip__note">object named as: queer</small></li>
          
          
          
          
        </ul>
      </dd>
    </div>
    
  </dl>

  
</section>

      
      
<section class="card" data-variant="portrait" style="--cols: 2; --rows: 3">
  <h2 class="card__title"><span>religion or worldview</span></h2>
  
  <dl class="facts">
    
    <div class="facts__row">
      
      <dd>
        <ul class="chips">
          
          
          
          
          <li class="chip"><img class="chip__thumb" src="https://commons.wikimedia.org/wiki/Special:FilePath/Ephesians%202%2C12%20-%20Greek%20atheos.jpg?width=400" alt="" loading="lazy"><a href="https://www.wikidata.org/wiki/Q7066">atheism</a> <small class="chip__span">2021</small></li>
          
          
          
          
        </ul>
      </dd>
    </div>
    
  </dl>

  
</section>

      
      
<section class="card" data-variant="portrait" style="--cols: 2; --rows: 3">
  <h2 class="card__title"><span>work location</span></h2>
  
  <dl class="facts">
    
    <div class="facts__row">
      
      <dd>
        <ul class="chips">
          
          
          
          
          <li class="chip"><img class="chip__thumb" src="https://commons.wikimedia.org/wiki/Special:FilePath/Rodeo%20Drive%20%26%20Via%20Rodeo%2C%20Beverly%20Hills%2C%20LA%2C%20CA%2C%20jjron%2021.03.2012.jpg?width=400" alt="" loading="lazy"><a href="https://www.wikidata.org/wiki/Q127856">Beverly Hills</a></li>
          
          
          
          
        </ul>
      </dd>
    </div>
    
  </dl>

  
</section>

      
      
<section class="card" data-variant="chip-list" style="--cols: 2; --rows: 3">
  <h2 class="card__title"><span>nominated for</span></h2>
  
  <dl class="facts">
    
    <div class="facts__row">
      
      <dd>
        <ul class="chips">
          
          
          
          
          <li class="chip"><a href="https://www.wikidata.org/wiki/Q1044427">Primetime Emmy Award</a></li>
          
          
          
          
          
          
          <li class="chip"><a href="https://www.wikidata.org/wiki/Q24616">Empire Awards</a></li>
          
          
          
          
          
          
          <li class="chip"><a href="https://www.wikidata.org/wiki/Q19650475">British Academy Games Award for Performer</a> <small class="chip__span">2014</small> <small class="chip__note">for work: Beyond: Two Souls, statement is subject of: 10th British Academy Games Awards</small></li>
          
          
          
          
          
          
          <li class="chip"><a href="https://www.wikidata.org/wiki/Q103618">Academy Award for Best Actress</a> <small class="chip__span">2008</small> <small class="chip__note">for work: Juno, statement is subject of: 80th Academy Awards</small></li>
          
          
          
          
          
          
          <li class="chip"><img class="chip__thumb" src="https://commons.wikimedia.org/wiki/Special:FilePath/Catherine%20De%20Lean%20and%20Anne%20Emond%20at%20the%202012%20Genie%20Awards.jpg?width=96" alt="" loading="lazy"><a href="https://www.wikidata.org/wiki/Q1502249">Genie Awards</a></li>
          
          
          
          
        </ul>
      </dd>
    </div>
    
  </dl>

  
</section>

      
      
<section class="card" data-variant="portrait" style="--cols: 2; --rows: 3">
  <h2 class="card__title"><span>lifestyle</span></h2>
  
  <dl class="facts">
    
    <div class="facts__row">
      
      <dd>
        <ul class="chips">
          
          
          
          
          <li class="chip"><img class="chip__thumb" src="https://commons.wikimedia.org/wiki/Special:FilePath/Vegan%20Written%20In%20Grains%2C%20surrounded%20by%20vegan%20friendly%20food%20%2847227305012%29.jpg?width=400" alt="" loading="lazy"><a href="https://www.wikidata.org/wiki/Q181138">veganism</a></li>
          
          
          
          
        </ul>
      </dd>
    </div>
    
  </dl>

  
</section>

      
      
<section class="card" data-variant="stat-block" style="--cols: 2; --rows: 1">
  <h2 class="card__title"><svg class="icon" aria-hidden="true"><use href="#i-event"/></svg><span>start of work period</span></h2>
  
  <p class="stat">
    <span class="stat__value">1997</span>
    
  </p>

  
</section>

      
      
<section class="card" data-variant="fact-line" style="--cols: 2; --rows: 1">
  <h2 class="card__title"><span>personal pronoun</span></h2>
  
  <dl class="facts">
    
    <div class="facts__row">
      
      <dd>
        <ul class="chips">
          
          
          
          
          <li class="fact-link"><a href="http://www.wikidata.org/entity/L371" rel="nofollow">http://www.wikidata.org/entity/L371</a></li>
          
          
          
          
          
          
          <li class="fact-link"><a href="http://www.wikidata.org/entity/L485" rel="nofollow">http://www.wikidata.org/entity/L485</a></li>
          
          
          
          
        </ul>
      </dd>
    </div>
    
  </dl>

  
</section>

      
      
<section class="card" data-variant="facts-table" style="--cols: 2; --rows: 2">
  <h2 class="card__title"><svg class="icon" aria-hidden="true"><use href="#i-communities"/></svg><span>social media followers</span></h2>
  
  <dl class="facts">
    
    <div class="facts__row">
      <dt>X (Twitter) numeric user ID</dt>
      <dd>
        <ul class="chips">
          
          
          
          
          <li class="fact-text">1974124 <small class="fact-note">2021</small></li>
          
          
          
          
          
          
          <li class="fact-text">1907770 <small class="fact-note">2021</small></li>
          
          
          
          
        </ul>
      </dd>
    </div>
    
    <div class="facts__row">
      <dt>Instagram username</dt>
      <dd>
        <ul class="chips">
          
          
          
          
          <li class="fact-text">5058816 <small class="fact-note">2021</small></li>
          
          
          
          
        </ul>
      </dd>
    </div>
    
  </dl>

  
</section>

      
    </div>
    

    
    <details class="footnotes">
      <summary>
        <svg class="icon" aria-hidden="true"><use href="#i-archive"/></svg>
        <span>1</span>
        <span class="visually-hidden">Wikimedia metadata</span>
      </summary>
      <div class="cards">
        
        
<section class="card" data-variant="stat-block" style="--cols: 2; --rows: 1">
  <h2 class="card__title"><svg class="icon" aria-hidden="true"><use href="#i-sell"/></svg><span>Commons category</span></h2>
  
  <p class="stat">
    <span class="stat__value">Elliot Page</span>
    
  </p>

  
</section>

        
      </div>
    </details>
    
  </main>

  <footer class="page-footer">
    <p>Data: <a href="https://www.wikidata.org/wiki/Q173399">Wikidata Q173399</a> (CC0) ·
    Images: <a href="https://commons.wikimedia.org">Wikimedia Commons</a></p>
  </footer>
</div>
</body>
</html>
