---
source: qrender/tests/factoid.rs
expression: body
---

<body data-archetype="place">
<svg hidden aria-hidden="true"><defs><symbol id="i-altitude" viewBox="0 -960 960 960"><path d="M720-480v-168l-64 64-56-56 160-160 160 160-56 57-64-64v167h-80ZM40-80l240-320 180 240h300L560-426 460-294l-50-66 150-200L920-80H40Zm420-80Z"/></symbol>
<symbol id="i-archive" viewBox="0 -960 960 960"><path d="m480-240 160-160-56-56-64 64v-168h-80v168l-64-64-56 56 160 160ZM200-640v440h560v-440H200Zm0 520q-33 0-56.5-23.5T120-200v-499q0-14 4.5-27t13.5-24l50-61q11-14 27.5-21.5T250-840h460q18 0 34.5 7.5T772-811l50 61q9 11 13.5 24t4.5 27v499q0 33-23.5 56.5T760-120H200Zm16-600h528l-34-40H250l-34 40Zm264 300Z"/></symbol>
<symbol id="i-article" viewBox="0 -960 960 960"><path d="M280-280h280v-80H280v80Zm0-160h400v-80H280v80Zm0-160h400v-80H280v80Zm-80 480q-33 0-56.5-23.5T120-200v-560q0-33 23.5-56.5T200-840h560q33 0 56.5 23.5T840-760v560q0 33-23.5 56.5T760-120H200Zm0-80h560v-560H200v560Zm0-560v560-560Z"/></symbol>
<symbol id="i-captive_portal" viewBox="0 -960 960 960"><path d="M838-65 720-183v89h-80v-226h226v80h-90l118 118-56 57ZM480-80q-83 0-156-31.5T197-197q-54-54-85.5-127T80-480q0-83 31.5-156T197-763q54-54 127-85.5T480-880q83 0 156 31.5T763-763q54 54 85.5 127T880-480q0 20-2 40t-6 40h-82q5-20 7.5-40t2.5-40q0-20-2.5-40t-7.5-40H654q3 20 4.5 40t1.5 40q0 20-1.5 40t-4.5 40h-80q3-20 4.5-40t1.5-40q0-20-1.5-40t-4.5-40H386q-3 20-4.5 40t-1.5 40q0 20 1.5 40t4.5 40h134v80H404q12 43 31 82.5t45 75.5q20 0 40-2.5t40-4.5v82q-20 2-40 4.5T480-80ZM170-400h136q-3-20-4.5-40t-1.5-40q0-20 1.5-40t4.5-40H170q-5 20-7.5 40t-2.5 40q0 20 2.5 40t7.5 40Zm34-240h118q9-37 22.5-72.5T376-782q-55 18-99 54.5T204-640Zm172 462q-18-34-31.5-69.5T322-320H204q29 51 73 87.5t99 54.5Zm28-462h152q-12-43-31-82.5T480-798q-26 36-45 75.5T404-640Zm234 0h118q-29-51-73-87.5T584-782q18 34 31.5 69.5T638-640Z"/></symbol>
<symbol id="i-communities" viewBox="0 -960 960 960"><path d="M360-320q33 0 56.5-23.5T440-400q0-33-23.5-56.5T360-480q-33 0-56.5 23.5T280-400q0 33 23.5 56.5T360-320Zm240 0q33 0 56.5-23.5T680-400q0-33-23.5-56.5T600-480q-33 0-56.5 23.5T520-400q0 33 23.5 56.5T600-320ZM480-520q33 0 56.5-23.5T560-600q0-33-23.5-56.5T480-680q-33 0-56.5 23.5T400-600q0 33 23.5 56.5T480-520Zm0 440q-83 0-156-31.5T197-197q-54-54-85.5-127T80-480q0-83 31.5-156T197-763q54-54 127-85.5T480-880q83 0 156 31.5T763-763q54 54 85.5 127T880-480q0 83-31.5 156T763-197q-54 54-127 85.5T480-80Zm0-80q134 0 227-93t93-227q0-134-93-227t-227-93q-134 0-227 93t-93 227q0 134 93 227t227 93Zm0-320Z"/></symbol>
<symbol id="i-event" viewBox="0 -960 960 960"><path d="M580-240q-42 0-71-29t-29-71q0-42 29-71t71-29q42 0 71 29t29 71q0 42-29 71t-71 29ZM200-80q-33 0-56.5-23.5T120-160v-560q0-33 23.5-56.5T200-800h40v-80h80v80h320v-80h80v80h40q33 0 56.5 23.5T840-720v560q0 33-23.5 56.5T760-80H200Zm0-80h560v-400H200v400Zm0-480h560v-80H200v80Zm0 0v-80 80Z"/></symbol>
<symbol id="i-groups" viewBox="0 -960 960 960"><path d="M0-240v-63q0-43 44-70t116-27q13 0 25 .5t23 2.5q-14 21-21 44t-7 48v65H0Zm240 0v-65q0-32 17.5-58.5T307-410q32-20 76.5-30t96.5-10q53 0 97.5 10t76.5 30q32 20 49 46.5t17 58.5v65H240Zm540 0v-65q0-26-6.5-49T754-397q11-2 22.5-2.5t23.5-.5q72 0 116 26.5t44 70.5v63H780Zm-455-80h311q-10-20-55.5-35T480-370q-55 0-100.5 15T325-320ZM160-440q-33 0-56.5-23.5T80-520q0-34 23.5-57t56.5-23q34 0 57 23t23 57q0 33-23 56.5T160-440Zm640 0q-33 0-56.5-23.5T720-520q0-34 23.5-57t56.5-23q34 0 57 23t23 57q0 33-23 56.5T800-440Zm-320-40q-50 0-85-35t-35-85q0-51 35-85.5t85-34.5q51 0 85.5 34.5T600-600q0 50-34.5 85T480-480Zm0-80q17 0 28.5-11.5T520-600q0-17-11.5-28.5T480-640q-17 0-28.5 11.5T440-600q0 17 11.5 28.5T480-560Zm1 240Zm-1-280Z"/></symbol>
<symbol id="i-location_on" viewBox="0 -960 960 960"><path d="M480-480q33 0 56.5-23.5T560-560q0-33-23.5-56.5T480-640q-33 0-56.5 23.5T400-560q0 33 23.5 56.5T480-480Zm0 294q122-112 181-203.5T720-552q0-109-69.5-178.5T480-800q-101 0-170.5 69.5T240-552q0 71 59 162.5T480-186Zm0 106Q319-217 239.5-334.5T160-552q0-150 96.5-239T480-880q127 0 223.5 89T800-552q0 100-79.5 217.5T480-80Zm0-480Z"/></symbol>
<symbol id="i-map" viewBox="0 -960 960 960"><path d="m600-120-240-84-186 72q-20 8-37-4.5T120-170v-560q0-13 7.5-23t20.5-15l212-72 240 84 186-72q20-8 37 4.5t17 33.5v560q0 13-7.5 23T812-192l-212 72Zm-40-98v-468l-160-56v468l160 56Zm80 0 120-40v-474l-120 46v468Zm-440-10 120-46v-468l-120 40v474Zm440-458v468-468Zm-320-56v468-468Z"/></symbol>
<symbol id="i-mountain_flag" viewBox="0 -960 960 960"><path d="M480-390Zm-132-53 55 37 77-39 77 39 53-35-40-79H386l-38 77ZM209-160h541L646-369l-83 55-83-41-83 41-85-56-103 210ZM80-80l234-475q10-20 29.5-32.5T386-600h54v-280h280l-40 80 40 80H520v120h50q23 0 42 12t30 32L880-80H80Z"/></symbol>
<symbol id="i-person" viewBox="0 -960 960 960"><path d="M480-480q-66 0-113-47t-47-113q0-66 47-113t113-47q66 0 113 47t47 113q0 66-47 113t-113 47ZM160-160v-112q0-34 17.5-62.5T224-378q62-31 126-46.5T480-440q66 0 130 15.5T736-378q29 15 46.5 43.5T800-272v112H160Zm80-80h480v-32q0-11-5.5-20T700-306q-54-27-109-40.5T480-360q-56 0-111 13.5T260-306q-9 5-14.5 14t-5.5 20v32Zm240-320q33 0 56.5-23.5T560-640q0-33-23.5-56.5T480-720q-33 0-56.5 23.5T400-640q0 33 23.5 56.5T480-560Zm0-80Zm0 400Z"/></symbol>
<symbol id="i-photo_library" viewBox="0 -960 960 960"><path d="M360-400h400L622-580l-92 120-62-80-108 140Zm-40 160q-33 0-56.5-23.5T240-320v-480q0-33 23.5-56.5T320-880h480q33 0 56.5 23.5T880-800v480q0 33-23.5 56.5T800-240H320Zm0-80h480v-480H320v480ZM160-80q-33 0-56.5-23.5T80-160v-560h80v560h560v80H160Zm160-720v480-480Z"/></symbol>
<symbol id="i-policy" viewBox="0 -960 960 960"><path d="M480-80q-139-35-229.5-159.5T160-516v-244l320-120 320 120v244q0 85-29 163.5T688-214L560-342q-18 11-38.5 16.5T480-320q-66 0-113-47t-47-113q0-66 47-113t113-47q66 0 113 47t47 113q0 22-5.5 42.5T618-398l60 60q20-41 31-86t11-92v-189l-240-90-240 90v189q0 121 68 220t172 132q26-8 49.5-20.5T576-214l56 56q-33 27-71.5 47T480-80Zm0-320q33 0 56.5-23.5T560-480q0-33-23.5-56.5T480-560q-33 0-56.5 23.5T400-480q0 33 23.5 56.5T480-400Zm8-77Z"/></symbol>
<symbol id="i-sell" viewBox="0 -960 960 960"><path d="M856-390 570-104q-12 12-27 18t-30 6q-15 0-30-6t-27-18L103-457q-11-11-17-25.5T80-513v-287q0-33 23.5-56.5T160-880h287q16 0 31 6.5t26 17.5l352 353q12 12 17.5 27t5.5 30q0 15-5.5 29.5T856-390ZM513-160l286-286-353-354H160v286l353 354ZM260-640q25 0 42.5-17.5T320-700q0-25-17.5-42.5T260-760q-25 0-42.5 17.5T200-700q0 25 17.5 42.5T260-640Zm220 160Z"/></symbol>
<symbol id="i-volume_up" viewBox="0 -960 960 960"><path d="M560-131v-82q90-26 145-100t55-168q0-94-55-168T560-749v-82q124 28 202 125.5T840-481q0 127-78 224.5T560-131ZM120-360v-240h160l200-200v640L280-360H120Zm440 40v-322q47 22 73.5 66t26.5 96q0 51-26.5 94.5T560-320ZM400-606l-86 86H200v80h114l86 86v-252ZM300-480Z"/></symbol>
</defs></svg>
<div class="page">
  <header class="page-header">
    
    <a class="page-header__hero" href="https://commons.wikimedia.org/wiki/File:Nairobi%20banner.jpg"><img src="https://commons.wikimedia.org/wiki/Special:FilePath/Nairobi%20banner.jpg?width=640" alt="Nairobi"></a>
    
    <div>
      <h1>Nairobi</h1>
      
      
      <p class="page-header__description">capital city of Kenya</p>
      
      
    </div>
    
  </header>

  <main>
    
    <section class="page-section">
      <h2 class="page-section__title"><svg class="icon" aria-hidden="true"><use href="#i-map"/></svg><span class="visually-hidden">geography</span>
      </h2>
      <div class="cards">
        
        
<section class="card" data-variant="facts-table" style="--cols: 2; --rows: 2">
  <h2 class="card__title"><svg class="icon" aria-hidden="true"><use href="#i-altitude"/></svg><span class="visually-hidden">Geography</span></h2>
  
  <dl class="facts">
    
    <div class="facts__row">
      <dt>elevation above sea level</dt>
      <dd>
        <ul class="chips">
          
          
          
          
          <li class="fact-text">1661 metre</li>
          
          
          
          
        </ul>
      </dd>
    </div>
    
    <div class="facts__row">
      <dt>area</dt>
      <dd>
        <ul class="chips">
          
          
          
          
          <li class="fact-text">696 square kilometre</li>
          
          
          
          
        </ul>
      </dd>
    </div>
    
  </dl>

  
</section>

        
        
<section class="card" data-variant="facts-table" style="--cols: 2; --rows: 2">
  <h2 class="card__title"><svg class="icon" aria-hidden="true"><use href="#i-location_on"/></svg><span class="visually-hidden">Located in</span></h2>
  
  <dl class="facts">
    
    <div class="facts__row">
      <dt>country</dt>
      <dd>
        <ul class="chips">
          
          
          
          
          <li class="chip"><img class="chip__thumb" src="https://commons.wikimedia.org/wiki/Special:FilePath/Kenya%20-%20Location%20Map%20%282013%29%20-%20KEN%20-%20UNOCHA.svg?width=96" alt="" loading="lazy"><a href="https://www.wikidata.org/wiki/Q114">Kenya</a></li>
          
          
          
          
        </ul>
      </dd>
    </div>
    
    <div class="facts__row">
      <dt>located in the administrative territorial entity</dt>
      <dd>
        <ul class="chips">
          
          
          
          
          <li class="chip"><img class="chip__thumb" src="https://commons.wikimedia.org/wiki/Special:FilePath/Nairobi%20city%20hall.jpg?width=96" alt="" loading="lazy"><a href="https://www.wikidata.org/wiki/Q3335223">Nairobi City County</a></li>
          
          
          
          
        </ul>
      </dd>
    </div>
    
  </dl>

  
</section>

        
        
<section class="card" data-variant="map-panel" style="--cols: 2; --rows: 2">
  <h2 class="card__title"><svg class="icon" aria-hidden="true"><use href="#i-location_on"/></svg><span>coordinate location</span></h2>
  
  <figure class="media map">
    <img src="https://maps.wikimedia.org/img/osm-intl,10,-1.286388888,36.817222222,600x300.png" alt="coordinate location" loading="lazy">
    <figcaption>-1.286388888, 36.817222222</figcaption>
  </figure>

  
</section>

        
        
<section class="card" data-variant="portrait" style="--cols: 2; --rows: 2">
  <h2 class="card__title"><span>located in time zone</span></h2>
  
  <dl class="facts">
    
    <div class="facts__row">
      
      <dd>
        <ul class="chips">
          
          
          
          
          <li class="chip"><img class="chip__thumb" src="https://commons.wikimedia.org/wiki/Special:FilePath/UTC%2B0300%20-%202023.svg?width=400" alt="" loading="lazy"><a href="https://www.wikidata.org/wiki/Q6760">UTC+03:00</a></li>
          
          
          
          
        </ul>
      </dd>
    </div>
    
  </dl>

  
</section>

        
        
<section class="card" data-variant="current-history" style="--cols: 2; --rows: 3">
  <h2 class="card__title"><span>capital of</span></h2>
  
  <dl class="facts">
    
    <div class="facts__row">
      
      <dd>
        <ul class="chips">
          
          
          
          
          <li class="chip"><a href="https://www.wikidata.org/wiki/Q1061480">Nairobi Province</a></li>
          
          
          
          
          
          
          <li class="chip"><img class="chip__thumb" src="https://commons.wikimedia.org/wiki/Special:FilePath/Nairobi%20city%20hall.jpg?width=96" alt="" loading="lazy"><a href="https://www.wikidata.org/wiki/Q3335223">Nairobi City County</a></li>
          
          
          
          
          
          
          <li class="chip"><img class="chip__thumb" src="https://commons.wikimedia.org/wiki/Special:FilePath/Kenya%20-%20Location%20Map%20%282013%29%20-%20KEN%20-%20UNOCHA.svg?width=96" alt="" loading="lazy"><a href="https://www.wikidata.org/wiki/Q114">Kenya</a> <small class="chip__span">1963 –</small></li>
          
          
          
          
          
          
          <li class="chip chip--ended"><a href="https://www.wikidata.org/wiki/Q2538511">Kenya Colony</a> <small class="chip__span">1920 – 1963</small></li>
          
          
          
          
        </ul>
      </dd>
    </div>
    
  </dl>

  
</section>

        
      </div>
    </section>
    
    <section class="page-section">
      <h2 class="page-section__title"><svg class="icon" aria-hidden="true"><use href="#i-event"/></svg><span class="visually-hidden">history</span>
      </h2>
      <div class="cards">
        
        
<section class="card" data-variant="stat-block" style="--cols: 2; --rows: 1">
  <h2 class="card__title"><svg class="icon" aria-hidden="true"><use href="#i-event"/></svg><span>inception</span></h2>
  
  <p class="stat">
    <span class="stat__value">1899</span>
    
  </p>

  
</section>

        
      </div>
    </section>
    
    <section class="page-section">
      <h2 class="page-section__title"><svg class="icon" aria-hidden="true"><use href="#i-groups"/></svg><span class="visually-hidden">people</span>
      </h2>
      <div class="cards">
        
        
<section class="card" data-variant="trend" style="--cols: 2; --rows: 2">
  <h2 class="card__title"><svg class="icon" aria-hidden="true"><use href="#i-groups"/></svg><span>population</span></h2>
  
  <p class="stat">
    <span class="stat__value">5545000</span>
    <span class="stat__note">2016</span>
  </p>
  <div class="series">
    
    <div class="series__row">
      <span class="series__label">2009</span>
      <span class="series__track"><span class="series__bar" style="inline-size: 57%"></span></span>
      <span class="series__number">3138369</span>
    </div>
    
    <div class="series__row">
      <span class="series__label">2010</span>
      <span class="series__track"><span class="series__bar" style="inline-size: 58%"></span></span>
      <span class="series__number">3240155</span>
    </div>
    
    <div class="series__row">
      <span class="series__label">2016</span>
      <span class="series__track"><span class="series__bar" style="inline-size: 100%"></span></span>
      <span class="series__number">5545000</span>
    </div>
    
  </div>

  
</section>

        
      </div>
    </section>
    
    <section class="page-section">
      <h2 class="page-section__title"><svg class="icon" aria-hidden="true"><use href="#i-policy"/></svg><span class="visually-hidden">governance</span>
      </h2>
      <div class="cards">
        
        
<section class="card" data-variant="portrait" style="--cols: 2; --rows: 2">
  <h2 class="card__title"><svg class="icon" aria-hidden="true"><use href="#i-person"/></svg><span>head of government</span></h2>
  
  <dl class="facts">
    
    <div class="facts__row">
      
      <dd>
        <ul class="chips">
          
          
          
          
          <li class="chip"><img class="chip__thumb" src="https://commons.wikimedia.org/wiki/Special:FilePath/Sakaja%20in%202024.jpg?width=400" alt="" loading="lazy"><a href="https://www.wikidata.org/wiki/Q28967580">Sakaja Johnson</a> <small class="chip__span">2022 –</small></li>
          
          
          
          
        </ul>
      </dd>
    </div>
    
  </dl>

  
</section>

        
      </div>
    </section>
    
    <section class="page-section">
      <h2 class="page-section__title"><svg class="icon" aria-hidden="true"><use href="#i-mountain_flag"/></svg><span class="visually-hidden">symbols</span>
      </h2>
      <div class="cards">
        
        
<section class="card" data-variant="media-full" style="--cols: 2; --rows: 2">
  <h2 class="card__title"><svg class="icon" aria-hidden="true"><use href="#i-photo_library"/></svg><span>flag image</span></h2>
  
  <figure class="media">
    

<a href="https://commons.wikimedia.org/wiki/File:Flag%20of%20Nairobi.svg"><img src="https://commons.wikimedia.org/wiki/Special:FilePath/Flag%20of%20Nairobi.svg?width=640" alt="flag image" loading="lazy"></a>


  </figure>

  
</section>

        
        
<section class="card" data-variant="media-full" style="--cols: 2; --rows: 2">
  <h2 class="card__title"><svg class="icon" aria-hidden="true"><use href="#i-photo_library"/></svg><span>coat of arms image</span></h2>
  
  <figure class="media">
    

<a href="https://commons.wikimedia.org/wiki/File:Coat%20of%20Arms%20of%20Nairobi.svg"><img src="https://commons.wikimedia.org/wiki/Special:FilePath/Coat%20of%20Arms%20of%20Nairobi.svg?width=640" alt="coat of arms image" loading="lazy"></a>


  </figure>

  
</section>

        
      </div>
    </section>
    

    
    <div class="cards">
      
      
<section class="card" data-variant="gallery-strip" style="--cols: 4; --rows: 2">
  <h2 class="card__title"><svg class="icon" aria-hidden="true"><use href="#i-photo_library"/></svg><span class="visually-hidden">Articleimage</span></h2>
  
  <div class="gallery">
    
    <figure class="media">
      

<a href="https://commons.wikimedia.org/wiki/File:Nairobi%20economic%20capital%20of%20africa.jpg"><img src="https://commons.wikimedia.org/wiki/Special:FilePath/Nairobi%20economic%20capital%20of%20africa.jpg?width=640" alt="nighttime view" loading="lazy"></a>


      <figcaption>nighttime view</figcaption>
    </figure>
    
    <figure class="media">
      

<a href="https://commons.wikimedia.org/wiki/File:Nairobi%20Aerial%20Photo.jpg"><img src="https://commons.wikimedia.org/wiki/Special:FilePath/Nairobi%20Aerial%20Photo.jpg?width=640" alt="aerial view" loading="lazy"></a>


      <figcaption>aerial view</figcaption>
    </figure>
    
    <figure class="media">
      

<a href="https://commons.wikimedia.org/wiki/File:Nairobi%20Montage%20A.jpg"><img src="https://commons.wikimedia.org/wiki/Special:FilePath/Nairobi%20Montage%20A.jpg?width=640" alt="montage image" loading="lazy"></a>


      <figcaption>montage image</figcaption>
    </figure>
    
  </div>

  
</section>

      
      
<section class="card" data-variant="facts-table" style="--cols: 2; --rows: 4">
  <h2 class="card__title"><svg class="icon" aria-hidden="true"><use href="#i-article"/></svg><span class="visually-hidden">Names</span></h2>
  
  <dl class="facts">
    
    <div class="facts__row">
      <dt>official name</dt>
      <dd>
        <ul class="chips">
          
          
          
          
          <li class="fact-text">Nairobi</li>
          
          
          
          
        </ul>
      </dd>
    </div>
    
    <div class="facts__row">
      <dt>native label</dt>
      <dd>
        <ul class="chips">
          
          
          
          
          <li class="fact-text">Nairobi</li>
          
          
          
          
        </ul>
      </dd>
    </div>
    
    <div class="facts__row">
      <dt>demonym</dt>
      <dd>
        <ul class="chips">
          
          
          
          
          <li class="fact-text">Nairobien <small class="fact-note">applies to part: masculine singular</small></li>
          
          
          
          
          
          
          <li class="fact-text">Nairobienne <small class="fact-note">applies to part: feminine singular</small></li>
          
          
          
          
          
          
          <li class="fact-text">Nairobian</li>
          
          
          
          
          
          
          <li class="fact-text">nairobienne <small class="fact-note">applies to part: feminine singular</small></li>
          
          
          
          
          
          
          <li class="fact-text">Monairobi</li>
          
          
          
          
          
          
          <li class="fact-text">nairobien <small class="fact-note">applies to part: masculine singular</small></li>
          
          
          
          
          
          
          <li class="fact-text">Najrobiano</li>
          
          
          
          
        </ul>
      </dd>
    </div>
    
  </dl>

  
</section>

      
      
<section class="card" data-variant="media-full" style="--cols: 2; --rows: 2">
  <h2 class="card__title"><svg class="icon" aria-hidden="true"><use href="#i-map"/></svg><span>locator map image</span></h2>
  
  <figure class="media">
    

<a href="https://commons.wikimedia.org/wiki/File:Nairobi%20County%20location%20map.png"><img src="https://commons.wikimedia.org/wiki/Special:FilePath/Nairobi%20County%20location%20map.png?width=640" alt="locator map image" loading="lazy"></a>


  </figure>

  
</section>

      
      
<section class="card" data-variant="media-full" style="--cols: 2; --rows: 2">
  <h2 class="card__title"><svg class="icon" aria-hidden="true"><use href="#i-volume_up"/></svg><span>pronunciation audio</span></h2>
  
  <figure class="media">
    

<audio controls preload="none" src="https://commons.wikimedia.org/wiki/Special:FilePath/Swa-nairobi.ogg"></audio>


  </figure>

  
</section>

      
      
<section class="card" data-variant="tile-strip" style="--cols: 4; --rows: 2">
  <h2 class="card__title"><svg class="icon" aria-hidden="true"><use href="#i-communities"/></svg><span>twinned administrative body</span></h2>
  
  <dl class="facts">
    
    <div class="facts__row">
      
      <dd>
        <ul class="chips">
          
          
          
          
          <li class="chip"><img class="chip__thumb" src="https://commons.wikimedia.org/wiki/Special:FilePath/%E4%BA%94%E5%8D%8E%E5%8C%BA%E4%B8%8E%E7%9B%98%E9%BE%99%E5%8C%BA%E5%A4%A9%E9%99%85%E7%BA%BF%20-%20%E8%88%AA%E6%8B%8D%20-%202025-05-16%2003.jpg?width=400" alt="" loading="lazy"><a href="https://www.wikidata.org/wiki/Q182852">Kunming</a></li>
          
          
          
          
          
          
          <li class="chip"><img class="chip__thumb" src="https://commons.wikimedia.org/wiki/Special:FilePath/Colonia-Tovar.jpg?width=400" alt="" loading="lazy"><a href="https://www.wikidata.org/wiki/Q964130">Colonia Tovar</a></li>
          
          
          
          
          
          
          <li class="chip"><img class="chip__thumb" src="https://commons.wikimedia.org/wiki/Special:FilePath/Cidade%20Maravilhosa.jpg?width=400" alt="" loading="lazy"><a href="https://www.wikidata.org/wiki/Q8678">Rio de Janeiro</a></li>
          
          
          
          
          
          
          <li class="chip"><img class="chip__thumb" src="https://commons.wikimedia.org/wiki/Special:FilePath/Pingxiang%2C%20JX%2C%20PRC.jpg?width=400" alt="" loading="lazy"><a href="https://www.wikidata.org/wiki/Q362865">Pingxiang</a></li>
          
          
          
          
          
          
          <li class="chip"><img class="chip__thumb" src="https://commons.wikimedia.org/wiki/Special:FilePath/Parintins%20Amazonas%20Brazil.jpg?width=400" alt="" loading="lazy"><a href="https://www.wikidata.org/wiki/Q926713">Parintins</a></li>
          
          
          
          
          
          
          <li class="chip"><img class="chip__thumb" src="https://commons.wikimedia.org/wiki/Special:FilePath/Denver%2C%20Colorado%20skyline%20%28cropped%29.jpg?width=400" alt="" loading="lazy"><a href="https://www.wikidata.org/wiki/Q16554">Denver</a> <small class="chip__span">1975 –</small></li>
          
          
          
          
          
          
          <li class="chip"><img class="chip__thumb" src="https://commons.wikimedia.org/wiki/Special:FilePath/Raleigh%20Skyline.jpg?width=400" alt="" loading="lazy"><a href="https://www.wikidata.org/wiki/Q41087">Raleigh</a> <small class="chip__span">2022 –</small></li>
          
          
          
          
        </ul>
      </dd>
    </div>
    
  </dl>

  
</section>

      
      
<section class="card" data-variant="facts-table" style="--cols: 2; --rows: 2">
  <h2 class="card__title"><svg class="icon" aria-hidden="true"><use href="#i-article"/></svg><span class="visually-hidden">Topics</span></h2>
  
  <dl class="facts">
    
    <div class="facts__row">
      <dt>history of topic</dt>
      <dd>
        <ul class="chips">
          
          
          
          
          <li class="chip"><a href="https://www.wikidata.org/wiki/Q7805834">timeline of Nairobi history</a></li>
          
          
          
          
        </ul>
      </dd>
    </div>
    
    <div class="facts__row">
      <dt>economy of topic</dt>
      <dd>
        <ul class="chips">
          
          
          
          
          <li class="chip"><a href="https://www.wikidata.org/wiki/Q106020188">economy of Nairobi</a></li>
          
          
          
          
        </ul>
      </dd>
    </div>
    
  </dl>

  
</section>

      
      
<section class="card" data-variant="facts-table" style="--cols: 2; --rows: 2">
  <h2 class="card__title"><svg class="icon" aria-hidden="true"><use href="#i-captive_portal"/></svg><span class="visually-hidden">Web</span></h2>
  
  <dl class="facts">
    
    <div class="facts__row">
      <dt>official website</dt>
      <dd>
        <ul class="chips">
          
          
          
          
          <li class="fact-link"><a href="https://nairobi.go.ke/" rel="nofollow">https://nairobi.go.ke/</a></li>
          
          
          
          
        </ul>
      </dd>
    </div>
    
    <div class="facts__row">
      <dt>hashtag</dt>
      <dd>
        <ul class="chips">
          
          
          
          
          <li class="fact-text">Nairobi</li>
          
          
          
          
        </ul>
      </dd>
    </div>
    
  </dl>

  
</section>

      
      
<section class="card" data-variant="media-full" style="--cols: 2; --rows: 2">
  <h2 class="card__title"><svg class="icon" aria-hidden="true"><use href="#i-photo_library"/></svg><span>image</span></h2>
  
  <figure class="media">
    

<a href="https://commons.wikimedia.org/wiki/File:Nairobi,%20view%20from%20KICC.JPG"><img src="https://commons.wikimedia.org/wiki/Special:FilePath/Nairobi,%20view%20from%20KICC.JPG?width=640" alt="image" loading="lazy"></a>


  </figure>

  
</section>

      
      
<section class="card" data-variant="portrait" style="--cols: 2; --rows: 2">
  <h2 class="card__title"><span>part of</span></h2>
  
  <dl class="facts">
    
    <div class="facts__row">
      
      <dd>
        <ul class="chips">
          
          
          
          
          <li class="chip"><img class="chip__thumb" src="https://commons.wikimedia.org/wiki/Special:FilePath/Pt%20Lenana%20Mt%20Kenya.JPG?width=400" alt="" loading="lazy"><a href="https://www.wikidata.org/wiki/Q14206200">Southern Rift Valley</a></li>
          
          
          
          
        </ul>
      </dd>
    </div>
    
  </dl>

  
</section>

      
      
<section class="card" data-variant="tile-strip" style="--cols: 4; --rows: 2">
  <h2 class="card__title"><span>language used</span></h2>
  
  <dl class="facts">
    
    <div class="facts__row">
      
      <dd>
        <ul class="chips">
          
          
          
          
          <li class="chip"><img class="chip__thumb" src="https://commons.wikimedia.org/wiki/Special:FilePath/William%20Shakespeare%20-%20Sonnet%20XXX%20-%20Rapenburg%2030%2C%20Leiden%20%28cropped%29.JPG?width=400" alt="" loading="lazy"><a href="https://www.wikidata.org/wiki/Q1860">English</a></li>
          
          
          
          
          
          
          <li class="chip"><img class="chip__thumb" src="https://commons.wikimedia.org/wiki/Special:FilePath/Manuscrit%20colonial%20kiswahili-Africa%20Museum.jpg?width=400" alt="" loading="lazy"><a href="https://www.wikidata.org/wiki/Q7838">Swahili</a></li>
          
          
          
          
          
          
          <li class="chip"><a href="https://www.wikidata.org/wiki/Q35787">Maasai</a></li>
          
          
          
          
        </ul>
      </dd>
    </div>
    
  </dl>

  
</section>

      
      
<section class="card" data-variant="fact-line" style="--cols: 2; --rows: 1">
  <h2 class="card__title"><svg class="icon" aria-hidden="true"><use href="#i-captive_portal"/></svg><span>open data portal</span></h2>
  
  <dl class="facts">
    
    <div class="facts__row">
      
      <dd>
        <ul class="chips">
          
          
          
          
          <li class="chip"><a href="https://www.wikidata.org/wiki/Q97130876">Nairobi open data</a></li>
          
          
          
          
        </ul>
      </dd>
    </div>
    
  </dl>

  
</section>

      
    </div>
    

    
    <details class="footnotes">
      <summary>
        <svg class="icon" aria-hidden="true"><use href="#i-archive"/></svg>
        <span>4</span>
        <span class="visually-hidden">Wikimedia metadata</span>
      </summary>
      <div class="cards">
        
        
<section class="card" data-variant="stat-block" style="--cols: 2; --rows: 1">
  <h2 class="card__title"><span>Commons gallery</span></h2>
  
  <p class="stat">
    <span class="stat__value">Nairobi</span>
    
  </p>

  
</section>

        
        
<section class="card" data-variant="portrait" style="--cols: 2; --rows: 2">
  <h2 class="card__title"><span>described by source</span></h2>
  
  <dl class="facts">
    
    <div class="facts__row">
      
      <dd>
        <ul class="chips">
          
          
          
          
          <li class="chip"><img class="chip__thumb" src="https://commons.wikimedia.org/wiki/Special:FilePath/Encyclopaedia%20Britannica%201911.svg?width=400" alt="" loading="lazy"><a href="https://www.wikidata.org/wiki/Q867541">Encyclopædia Britannica 11th edition</a> <small class="chip__note">statement is subject of: 1911 Encyclopædia Britannica/Nairobi</small></li>
          
          
          
          
        </ul>
      </dd>
    </div>
    
  </dl>

  
</section>

        
        
<section class="card" data-variant="fact-line" style="--cols: 2; --rows: 1">
  <h2 class="card__title"><span>on focus list of Wikimedia project</span></h2>
  
  <dl class="facts">
    
    <div class="facts__row">
      
      <dd>
        <ul class="chips">
          
          
          
          
          <li class="chip"><a href="https://www.wikidata.org/wiki/Q5460604">Wikipedia:List of articles all languages should have</a></li>
          
          
          
          
          
          
          <li class="chip"><a href="https://www.wikidata.org/wiki/Q6173448">Wikipedia:Vital articles/Level/4</a> <small class="chip__span">2022</small></li>
          
          
          
          
        </ul>
      </dd>
    </div>
    
  </dl>

  
</section>

        
        
<section class="card" data-variant="facts-table" style="--cols: 2; --rows: 4">
  <h2 class="card__title"><svg class="icon" aria-hidden="true"><use href="#i-sell"/></svg><span class="visually-hidden">Categories</span></h2>
  
  <dl class="facts">
    
    <div class="facts__row">
      <dt>Commons category</dt>
      <dd>
        <ul class="chips">
          
          
          
          
          <li class="fact-text">Nairobi</li>
          
          
          
          
        </ul>
      </dd>
    </div>
    
    <div class="facts__row">
      <dt>category for the view of the item</dt>
      <dd>
        <ul class="chips">
          
          
          
          
          <li class="chip"><a href="https://www.wikidata.org/wiki/Q104596219">Category:Views of Nairobi</a></li>
          
          
          
          
        </ul>
      </dd>
    </div>
    
    <div class="facts__row">
      <dt>category for maps or plans</dt>
      <dd>
        <ul class="chips">
          
          
          
          
          <li class="chip"><a href="https://www.wikidata.org/wiki/Q84054802">Category:Maps of Nairobi</a></li>
          
          
          
          
        </ul>
      </dd>
    </div>
    
    <div class="facts__row">
      <dt>category for people born here</dt>
      <dd>
        <ul class="chips">
          
          
          
          
          <li class="chip"><a href="https://www.wikidata.org/wiki/Q8064728">Category:Births in Nairobi</a></li>
          
          
          
          
        </ul>
      </dd>
    </div>
    
    <div class="facts__row">
      <dt>category for people who died here</dt>
      <dd>
        <ul class="chips">
          
          
          
          
          <li class="chip"><a href="https://www.wikidata.org/wiki/Q9688722">Category:Deaths in Nairobi</a></li>
          
          
          
          
        </ul>
      </dd>
    </div>
    
    <div class="facts__row">
      <dt>category of associated people</dt>
      <dd>
        <ul class="chips">
          
          
          
          
          <li class="chip"><a href="https://www.wikidata.org/wiki/Q7119121">Category:People from Nairobi</a></li>
          
          
          
          
        </ul>
      </dd>
    </div>
    
    <div class="facts__row">
      <dt>topic&#39;s main category</dt>
      <dd>
        <ul class="chips">
          
          
          
          
          <li class="chip"><a href="https://www.wikidata.org/wiki/Q8795825">Category:Nairobi</a></li>
          
          
          
          
        </ul>
      </dd>
    </div>
    
  </dl>

  
</section>

        
      </div>
    </details>
    
  </main>

  <footer class="page-footer">
    <p>Data: <a href="https://www.wikidata.org/wiki/Q3870">Wikidata Q3870</a> (CC0) ·
    Images: <a href="https://commons.wikimedia.org">Wikimedia Commons</a></p>
  </footer>
</div>
</body>
</html>
