---
source: qrender/tests/factoid.rs
expression: body
---

<body>
<div class="page">
  <header class="page-header">
    <h1>Nairobi</h1>
    
    <p class="page-header__description">capital city of Kenya</p>
    
  </header>

  <main class="cards">
    
    <section class="card">
      <h2 class="card__title">Names</h2>
      
      <dl class="kv">
        
        <dt>official name</dt>
        <dd>
          <span class="kv__value">Nairobi</span>
        </dd>
        
        <dt>native label</dt>
        <dd>
          <span class="kv__value">Nairobi</span>
        </dd>
        
        <dt>demonym</dt>
        <dd>
          <span class="kv__value">Nairobien (applies to part: masculine singular)</span><span class="kv__value">Nairobienne (applies to part: feminine singular)</span><span class="kv__value">Nairobian</span><span class="kv__value">nairobienne (applies to part: feminine singular)</span><span class="kv__value">Monairobi</span><span class="kv__value">nairobien (applies to part: masculine singular)</span><span class="kv__value">Najrobiano</span>
        </dd>
        
      </dl>

      
    </section>
    
    <section class="card">
      <h2 class="card__title">Articleimage</h2>
      
      <div class="gallery">
        
        <figure class="media">
          

<a href="https://commons.wikimedia.org/wiki/File:Nairobi%20banner.jpg"><img src="https://commons.wikimedia.org/wiki/Special:FilePath/Nairobi%20banner.jpg?width=640" alt="page banner" loading="lazy"></a>


          <figcaption>page banner</figcaption>
        </figure>
        
        <figure class="media">
          

<a href="https://commons.wikimedia.org/wiki/File:Nairobi%20economic%20capital%20of%20africa.jpg"><img src="https://commons.wikimedia.org/wiki/Special:FilePath/Nairobi%20economic%20capital%20of%20africa.jpg?width=640" alt="nighttime view" loading="lazy"></a>


          <figcaption>nighttime view</figcaption>
        </figure>
        
        <figure class="media">
          

<a href="https://commons.wikimedia.org/wiki/File:Nairobi%20Aerial%20Photo.jpg"><img src="https://commons.wikimedia.org/wiki/Special:FilePath/Nairobi%20Aerial%20Photo.jpg?width=640" alt="aerial view" loading="lazy"></a>


          <figcaption>aerial view</figcaption>
        </figure>
        
        <figure class="media">
          

<a href="https://commons.wikimedia.org/wiki/File:Nairobi%20Montage%20A.jpg"><img src="https://commons.wikimedia.org/wiki/Special:FilePath/Nairobi%20Montage%20A.jpg?width=640" alt="montage image" loading="lazy"></a>


          <figcaption>montage image</figcaption>
        </figure>
        
      </div>

      
    </section>
    
    <section class="card">
      <h2 class="card__title">category for the view of the item</h2>
      
      <ul class="chips">
        
        <li class="chip"><a href="https://www.wikidata.org/wiki/Q104596219">Category:Views of Nairobi</a></li>
        
      </ul>

      
    </section>
    
    <section class="card">
      <h2 class="card__title">category for maps or plans</h2>
      
      <ul class="chips">
        
        <li class="chip"><a href="https://www.wikidata.org/wiki/Q84054802">Category:Maps of Nairobi</a></li>
        
      </ul>

      
    </section>
    
    <section class="card">
      <h2 class="card__title">category for people born here</h2>
      
      <ul class="chips">
        
        <li class="chip"><a href="https://www.wikidata.org/wiki/Q8064728">Category:Births in Nairobi</a></li>
        
      </ul>

      
    </section>
    
    <section class="card">
      <h2 class="card__title">category for people who died here</h2>
      
      <ul class="chips">
        
        <li class="chip"><a href="https://www.wikidata.org/wiki/Q9688722">Category:Deaths in Nairobi</a></li>
        
      </ul>

      
    </section>
    
    <section class="card">
      <h2 class="card__title">category of associated people</h2>
      
      <ul class="chips">
        
        <li class="chip"><a href="https://www.wikidata.org/wiki/Q7119121">Category:People from Nairobi</a></li>
        
      </ul>

      
    </section>
    
    <section class="card">
      <h2 class="card__title">topic&#39;s main category</h2>
      
      <ul class="chips">
        
        <li class="chip"><a href="https://www.wikidata.org/wiki/Q8795825">Category:Nairobi</a></li>
        
      </ul>

      
    </section>
    
    <section class="card">
      <h2 class="card__title">Commons category</h2>
      
      <p class="stat">
        <span class="stat__value">Nairobi</span>
        
      </p>

      
    </section>
    
    <section class="card">
      <h2 class="card__title">Geography</h2>
      
      <dl class="kv">
        
        <dt>elevation above sea level</dt>
        <dd>
          <span class="kv__value">1661 metre</span>
        </dd>
        
        <dt>area</dt>
        <dd>
          <span class="kv__value">696 square kilometre</span>
        </dd>
        
      </dl>

      
    </section>
    
    <section class="card">
      <h2 class="card__title">head of government</h2>
      
      <ul class="chips">
        
        <li class="chip"><a href="https://www.wikidata.org/wiki/Q28967580">Sakaja Johnson</a> <small class="chip__note">start time: 2022-01-01</small></li>
        
      </ul>

      
    </section>
    
    <section class="card">
      <h2 class="card__title">country</h2>
      
      <ul class="chips">
        
        <li class="chip"><a href="https://www.wikidata.org/wiki/Q114">Kenya</a></li>
        
      </ul>

      
    </section>
    
    <section class="card">
      <h2 class="card__title">located in the administrative territorial entity</h2>
      
      <ul class="chips">
        
        <li class="chip"><a href="https://www.wikidata.org/wiki/Q3335223">Nairobi City County</a></li>
        
      </ul>

      
    </section>
    
    <section class="card">
      <h2 class="card__title">coordinate location</h2>
      
      <figure class="media map">
        <img src="https://maps.wikimedia.org/img/osm-intl,10,-1.286388888,36.817222222,600x300.png" alt="coordinate location" loading="lazy">
        <figcaption>-1.286388888, 36.817222222</figcaption>
      </figure>

      
    </section>
    
    <section class="card">
      <h2 class="card__title">locator map image</h2>
      
      <figure class="media">
        

<a href="https://commons.wikimedia.org/wiki/File:Nairobi%20County%20location%20map.png"><img src="https://commons.wikimedia.org/wiki/Special:FilePath/Nairobi%20County%20location%20map.png?width=640" alt="locator map image" loading="lazy"></a>


      </figure>

      
    </section>
    
    <section class="card">
      <h2 class="card__title">population</h2>
      
      <p class="stat">
        <span class="stat__value">5545000</span>
        <span class="stat__note">2016</span>
      </p>
      <div class="series">
        
        <div class="series__row">
          <span class="series__label">2009</span>
          <span class="series__track"><span class="series__bar" style="inline-size: 57%"></span></span>
          <span class="series__number">3138369</span>
        </div>
        
        <div class="series__row">
          <span class="series__label">2010</span>
          <span class="series__track"><span class="series__bar" style="inline-size: 58%"></span></span>
          <span class="series__number">3240155</span>
        </div>
        
        <div class="series__row">
          <span class="series__label">2016</span>
          <span class="series__track"><span class="series__bar" style="inline-size: 100%"></span></span>
          <span class="series__number">5545000</span>
        </div>
        
      </div>

      
    </section>
    
    <section class="card">
      <h2 class="card__title">pronunciation audio</h2>
      
      <figure class="media">
        

<audio controls preload="none" src="https://commons.wikimedia.org/wiki/Special:FilePath/Swa-nairobi.ogg"></audio>


      </figure>

      
    </section>
    
    <section class="card">
      <h2 class="card__title">twinned administrative body</h2>
      
      <ul class="chips">
        
        <li class="chip"><a href="https://www.wikidata.org/wiki/Q41087">Raleigh</a> <small class="chip__note">start time: 2022-01-01</small></li>
        
        <li class="chip"><a href="https://www.wikidata.org/wiki/Q182852">Kunming</a></li>
        
        <li class="chip"><a href="https://www.wikidata.org/wiki/Q964130">Colonia Tovar</a></li>
        
        <li class="chip"><a href="https://www.wikidata.org/wiki/Q16554">Denver</a> <small class="chip__note">start time: 1975-01-01</small></li>
        
        <li class="chip"><a href="https://www.wikidata.org/wiki/Q8678">Rio de Janeiro</a></li>
        
        <li class="chip"><a href="https://www.wikidata.org/wiki/Q362865">Pingxiang</a></li>
        
        <li class="chip"><a href="https://www.wikidata.org/wiki/Q926713">Parintins</a></li>
        
      </ul>

      
    </section>
    
    <section class="card">
      <h2 class="card__title">history of topic</h2>
      
      <ul class="chips">
        
        <li class="chip"><a href="https://www.wikidata.org/wiki/Q7805834">timeline of Nairobi history</a></li>
        
      </ul>

      
    </section>
    
    <section class="card">
      <h2 class="card__title">economy of topic</h2>
      
      <ul class="chips">
        
        <li class="chip"><a href="https://www.wikidata.org/wiki/Q106020188">economy of Nairobi</a></li>
        
      </ul>

      
    </section>
    
    <section class="card">
      <h2 class="card__title">Web</h2>
      
      <ul class="links">
        
        <li><a href="https://nairobi.go.ke/" rel="nofollow">official website</a><br><span class="links__url">https://nairobi.go.ke/</span></li>
        
      </ul>

      
    </section>
    
    <section class="card">
      <h2 class="card__title">hashtag</h2>
      
      <p class="stat">
        <span class="stat__value">Nairobi</span>
        
      </p>

      
    </section>
    
    <section class="card">
      <h2 class="card__title">image</h2>
      
      <figure class="media">
        

<a href="https://commons.wikimedia.org/wiki/File:Nairobi,%20view%20from%20KICC.JPG"><img src="https://commons.wikimedia.org/wiki/Special:FilePath/Nairobi,%20view%20from%20KICC.JPG?width=640" alt="image" loading="lazy"></a>


      </figure>

      
    </section>
    
    <section class="card">
      <h2 class="card__title">instance of</h2>
      
      <ul class="chips">
        
        <li class="chip"><a href="https://www.wikidata.org/wiki/Q3976641">administrative territorial entity of Kenya</a></li>
        
        <li class="chip"><a href="https://www.wikidata.org/wiki/Q1549591">big city</a></li>
        
      </ul>

      
    </section>
    
    <section class="card">
      <h2 class="card__title">flag image</h2>
      
      <figure class="media">
        

<a href="https://commons.wikimedia.org/wiki/File:Flag%20of%20Nairobi.svg"><img src="https://commons.wikimedia.org/wiki/Special:FilePath/Flag%20of%20Nairobi.svg?width=640" alt="flag image" loading="lazy"></a>


      </figure>

      
    </section>
    
    <section class="card">
      <h2 class="card__title">coat of arms image</h2>
      
      <figure class="media">
        

<a href="https://commons.wikimedia.org/wiki/File:Coat%20of%20Arms%20of%20Nairobi.svg"><img src="https://commons.wikimedia.org/wiki/Special:FilePath/Coat%20of%20Arms%20of%20Nairobi.svg?width=640" alt="coat of arms image" loading="lazy"></a>


      </figure>

      
    </section>
    
    <section class="card">
      <h2 class="card__title">part of</h2>
      
      <ul class="chips">
        
        <li class="chip"><a href="https://www.wikidata.org/wiki/Q14206200">Southern Rift Valley</a></li>
        
      </ul>

      
    </section>
    
    <section class="card">
      <h2 class="card__title">located in time zone</h2>
      
      <ul class="chips">
        
        <li class="chip"><a href="https://www.wikidata.org/wiki/Q6760">UTC+03:00</a></li>
        
      </ul>

      
    </section>
    
    <section class="card">
      <h2 class="card__title">inception</h2>
      
      <p class="stat">
        <span class="stat__value">1899</span>
        
      </p>

      
    </section>
    
    <section class="card">
      <h2 class="card__title">Commons gallery</h2>
      
      <p class="stat">
        <span class="stat__value">Nairobi</span>
        
      </p>

      
    </section>
    
    <section class="card">
      <h2 class="card__title">described by source</h2>
      
      <ul class="chips">
        
        <li class="chip"><a href="https://www.wikidata.org/wiki/Q867541">Encyclopædia Britannica 11th edition</a> <small class="chip__note">statement is subject of: 1911 Encyclopædia Britannica/Nairobi</small></li>
        
      </ul>

      
    </section>
    
    <section class="card">
      <h2 class="card__title">capital of</h2>
      
      <ul class="chips">
        
        <li class="chip"><a href="https://www.wikidata.org/wiki/Q1061480">Nairobi Province</a></li>
        
        <li class="chip"><a href="https://www.wikidata.org/wiki/Q114">Kenya</a> <small class="chip__note">start time: 1963-01-01</small></li>
        
        <li class="chip"><a href="https://www.wikidata.org/wiki/Q3335223">Nairobi City County</a></li>
        
        <li class="chip"><a href="https://www.wikidata.org/wiki/Q2538511">Kenya Colony</a> <small class="chip__note">start time: 1920-01-01, end time: 1963-01-01</small></li>
        
      </ul>

      
    </section>
    
    <section class="card">
      <h2 class="card__title">language used</h2>
      
      <ul class="chips">
        
        <li class="chip"><a href="https://www.wikidata.org/wiki/Q1860">English</a></li>
        
        <li class="chip"><a href="https://www.wikidata.org/wiki/Q7838">Swahili</a></li>
        
        <li class="chip"><a href="https://www.wikidata.org/wiki/Q35787">Maasai</a></li>
        
      </ul>

      
    </section>
    
    <section class="card">
      <h2 class="card__title">on focus list of Wikimedia project</h2>
      
      <ul class="chips">
        
        <li class="chip"><a href="https://www.wikidata.org/wiki/Q5460604">Wikipedia:List of articles all languages should have</a></li>
        
        <li class="chip"><a href="https://www.wikidata.org/wiki/Q6173448">Wikipedia:Vital articles/Level/4</a> <small class="chip__note">point in time: 2022-10-31</small></li>
        
      </ul>

      
    </section>
    
    <section class="card">
      <h2 class="card__title">open data portal</h2>
      
      <ul class="chips">
        
        <li class="chip"><a href="https://www.wikidata.org/wiki/Q97130876">Nairobi open data</a></li>
        
      </ul>

      
    </section>
    
  </main>

  <footer class="page-footer">
    <p>Data: <a href="https://www.wikidata.org/wiki/Q3870">Wikidata Q3870</a> (CC0) ·
    Images: <a href="https://commons.wikimedia.org">Wikimedia Commons</a></p>
  </footer>
</div>
</body>
</html>
