---
source: qrender/tests/golden.rs
expression: "render_fixture(Q405, RenderFormatOptions::Text)"
---
# names

named after: 
	brightness (language of work or name: http://www.wikidata.org/entity/Q37178)
native label: 
	Moon
named after: 
	brightness (language of work or name: http://www.wikidata.org/entity/Q37178)

# apoapsis_periapsis

apoapsis: 
	405500
periapsis: 
	363300

# articleimage

page banner: 
	http://commons.wikimedia.org/wiki/Special:FilePath/Apollo%2017%20Moon%20Panorama%20banner.jpg
nighttime view: 
	http://commons.wikimedia.org/wiki/Special:FilePath/Night%20view%20of%20THE%20MOON.jpg
spherical panorama image: 
	http://commons.wikimedia.org/wiki/Special:FilePath/Moon%20texture.jpg

# categories

Commons category: 
	Moon
topic&#x27;s main category: 
	Category:Moon

# geography

area: 
	37930000 (determination method or standard: http://www.wikidata.org/entity/Q1379273, determination method or standard: http://www.wikidata.org/entity/Q1379273)

# high_and_low_points

highest point: 
	Selenean summit
lowest point: 
	Antoniadi

# location

coordinate location: 
	&lt;http://www.wikidata.org/entity/Q405&gt; Point(0.0 0.0)

# mass

mass: 
	73.4767
density: 
	3.344 (temperature: http://www.wikidata.org/.well-known/genid/8a8423dac3bfa453416b08fc9c3b3ffe, temperature: http://www.wikidata.org/.well-known/genid/8a8423dac3bfa453416b08fc9c3b3ffe, phase of matter: http://www.wikidata.org/entity/Q11438, phase of matter: http://www.wikidata.org/entity/Q11438)
volume as quantity: 
	21968000000

# orbit

type of orbit: 
	high Earth orbit (statement is subject of: http://www.wikidata.org/entity/Q210539)
orbital eccentricity: 
	0.054908 (point in time: 1850-01-01T00:00:00Z)
	0.0567
orbital inclination: 
	5.145 (relative to: http://www.wikidata.org/entity/Q79852, relative to: http://www.wikidata.org/entity/Q79852)
orbital period: 
	27.321661
semi-major axis of an orbit: 
	384400

# physical

mass: 
	73.4767

# pronunciation

pronunciation audio: 
	http://commons.wikimedia.org/wiki/Special:FilePath/En-us-moon.ogg (language of work or name: http://www.wikidata.org/entity/Q7976)
	http://commons.wikimedia.org/wiki/Special:FilePath/LL-Q188%20%28deu%29-Sebastian%20Wallroth-Mond.wav (language of work or name: http://www.wikidata.org/entity/Q188)
	http://commons.wikimedia.org/wiki/Special:FilePath/LL-Q9027%20%28swe%29-Moonhouse-M%C3%A5nen.wav (language of work or name: http://www.wikidata.org/entity/Q9027)

# radius_diameter

radius: 
	1735.97 (applies to part: http://www.wikidata.org/entity/Q183273, applies to part: http://www.wikidata.org/entity/Q183273)
	1737.1 (applies to part: http://www.wikidata.org/entity/Q2796622, applies to part: http://www.wikidata.org/entity/Q2796622)
	1738.14 (applies to part: http://www.wikidata.org/entity/Q23538, applies to part: http://www.wikidata.org/entity/Q23538)
diameter: 
	3476.2 (applies to part: http://www.wikidata.org/entity/Q23538, applies to part: http://www.wikidata.org/entity/Q23538)
angular diameter: 
	29.3 (sourcing circumstances: http://www.wikidata.org/entity/Q10585806, sourcing circumstances: http://www.wikidata.org/entity/Q10585806)
	34.1 (sourcing circumstances: http://www.wikidata.org/entity/Q10578722, sourcing circumstances: http://www.wikidata.org/entity/Q10578722)

# topics

history of topic: 
	origin of the Moon

# default

image: 
	http://commons.wikimedia.org/wiki/Special:FilePath/Artemis%20II%20in%20Eclipse.jpg
	http://commons.wikimedia.org/wiki/Special:FilePath/FullMoon2010.jpg (media legend: Full moon as seen from North America in Earth&#x27;s Northern Hemisphere, media legend: Pleine Lune vue depuis l&#x27;Amérique du Nord, dans l&#x27;hémisphère nord de la Terre, media legend: Pełnia Księżyca widoczna z Ameryki Północnej, na półkuli północnej Ziemi)
instance of: 
	regular moon
	planetary moon
	planetary-mass moon
location: 
	inner Solar System
part of: 
	Earth-Moon system
has use: 
	colonization of the Moon (nature of statement: http://www.wikidata.org/entity/Q18603603)
astronomic symbol image: 
	http://commons.wikimedia.org/wiki/Special:FilePath/Decrescent%20icon.svg
located on astronomical body: 
	Moon
parent astronomical body: 
	Earth
child astronomical body: 
	Lunar Gateway
	Chandrayaan-2
	Lunar Reconnaissance Orbiter (start time: 2009-06-23T00:00:00Z)
	CAPSTONE (start time: 2022-11-14T00:00:00Z)
Unicode character: 
	☽
	☾
has part(s): 
	lunar soil
	atmosphere of the Moon
	geological features on the Moon
	Montes Pyrenaeus
inception: 
	-4527000000-01-01T00:00:00Z (sourcing circumstances: http://www.wikidata.org/entity/Q5727902)
diocese: 
	Roman Catholic Diocese of Orlando
Commons gallery: 
	Moon
spoken text audio: 
	http://commons.wikimedia.org/wiki/Special:FilePath/Hy-%D4%BC%D5%B8%D6%82%D5%BD%D5%AB%D5%B6%20%28Moon%29.ogg (recording date: 2016-01-01T00:00:00Z, language of work or name: http://www.wikidata.org/entity/Q8785)
flattening: 
	0.00125
attendance: 
	12 (reason for deprecated rank: http://www.wikidata.org/entity/Q110646418, statement is subject of: http://www.wikidata.org/entity/Q42889227)
topic&#x27;s main Wikimedia portal: 
	Portal:Moon
apparent magnitude: 
	-12.74
depicted by: 
	the Moon in fiction
described by source: 
	Historical Dictionary of Science Fiction (subject named as: Luna, URL: https://sfdictionary.com/view/353/luna)
	Metropolitan Museum of Art Tagging Vocabulary (subject named as: Moon, point in time: 2021-05-07T00:00:00Z)
	Zedler, Großes vollständiges Universallexicon aller Wissenschaften und Künste (statement is subject of: http://www.wikidata.org/entity/Q113559766)
	The New Student&#x27;s Reference Work (statement is subject of: http://www.wikidata.org/entity/Q124012912)
	Gujin Tushu Jicheng (statement is subject of: http://www.wikidata.org/entity/Q96593883)
	Small Brockhaus and Efron Encyclopedic Dictionary (statement is subject of: http://www.wikidata.org/entity/Q21400694)
	Meyers Konversations-Lexikon, 4th edition (1885–1890) (statement is subject of: http://www.wikidata.org/entity/Q112789753, statement is subject of: http://www.wikidata.org/entity/Q112789753)
	Great Soviet Encyclopedia (1926–1947) (statement is subject of: http://www.wikidata.org/entity/Q126820151)
	Otto&#x27;s encyclopedia (statement is subject of: http://www.wikidata.org/entity/Q23860555)
	Armenian Soviet Encyclopedia
	The Nuttall Encyclopædia (subject named as: Moon)
	Bible Encyclopedia of Archimandrite Nicephorus (statement is subject of: http://www.wikidata.org/entity/Q21400695)
	Jewish Encyclopedia of Brockhaus and Efron (statement is subject of: http://www.wikidata.org/entity/Q21400699)
	Granat Encyclopedic Dictionary (statement is subject of: http://www.wikidata.org/entity/Q131430844)
	The Domestic Encyclopædia; Or, A Dictionary Of Facts, And Useful Knowledge (statement is subject of: http://www.wikidata.org/entity/Q123955442)
	Brockhaus and Efron Encyclopedic Dictionary (statement is subject of: http://www.wikidata.org/entity/Q21400693)
	Encyclopædia Britannica 11th edition (statement is subject of: http://www.wikidata.org/entity/Q120359061)
topic has template: 
	Template:GeoTemplate/moon
	Template:The Moon
has effect: 
	lunar orbit
has characteristic: 
	magnetic field of the Moon
	moonquake
different from: 
	Księżyc
temperature: 
	95 (sourcing circumstances: http://www.wikidata.org/entity/Q10585806, sourcing circumstances: http://www.wikidata.org/entity/Q10585806)
	390 (sourcing circumstances: http://www.wikidata.org/entity/Q10578722, sourcing circumstances: http://www.wikidata.org/entity/Q10578722)
studied by: 
	exploration of the Moon
	selenology
distance from Earth: 
	356565 (criterion used: http://www.wikidata.org/entity/Q1349468, criterion used: http://www.wikidata.org/entity/Q1349468, point in time: 2018-01-01T00:00:00Z, point in time: 2018-01-01T00:00:00Z)
	385000.5 (calculated from: http://www.wikidata.org/entity/Q4130, calculated from: http://www.wikidata.org/entity/Q4130)
	406464 (criterion used: http://www.wikidata.org/entity/Q1179441, criterion used: http://www.wikidata.org/entity/Q1179441, point in time: 2018-01-15T00:00:00Z, point in time: 2018-01-15T00:00:00Z)
permanent duplicated item: 
	Q110305386
patronage: 
	12 (time period: http://www.wikidata.org/entity/Q61704160)
synodic period: 
	29.530589
albedo: 
	0.136 (criterion used: http://www.wikidata.org/entity/Q1411145)
3D model: 
	http://commons.wikimedia.org/wiki/Special:FilePath/Moon%20elevation.stl
on focus list of Wikimedia project: 
	Wikipedia:List of articles all languages should have
	Wikipedia:Vital articles/Level/4 (point in time: 2022-10-31T00:00:00Z)
Wikimedia outline: 
	outline of the Moon
maintained by WikiProject: 
	WikiProject Moon
surface gravity: 
	1.62
New York Post topic ID: 
	moon
Yale LUX ID: 
	place/cf0f818d-6410-4189-89e7-da94e87cabce
Enciclopedia Galega Universal ID: 
	146123
Harper&#x27;s tag: 
	moon
	the-moon
NSK ID: 
	981005777453109366
Anarâš aavis topic ID: 
	manudas
