---
source: qrender/tests/golden.rs
expression: "render_fixture(Q3870, RenderFormatOptions::Markdown)"
---

- **official name**: 
    - Nairobi


- **native label**: 
    - Nairobi


- **demonym**: 
    - Nairobian

    - Najrobiano

    - Nairobien (applies to part: http://www.wikidata.org/entity/Q47088290)

    - Nairobienne (applies to part: http://www.wikidata.org/entity/Q47088293)

    - nairobien (applies to part: http://www.wikidata.org/entity/Q47088290)

    - nairobienne (applies to part: http://www.wikidata.org/entity/Q47088293)

    - Monairobi



- **page banner**: 
    - http://commons.wikimedia.org/wiki/Special:FilePath/Nairobi%20banner.jpg


- **nighttime view**: 
    - http://commons.wikimedia.org/wiki/Special:FilePath/Nairobi%20economic%20capital%20of%20africa.jpg


- **aerial view**: 
    - http://commons.wikimedia.org/wiki/Special:FilePath/Nairobi%20Aerial%20Photo.jpg


- **montage image**: 
    - http://commons.wikimedia.org/wiki/Special:FilePath/Nairobi%20Montage%20A.jpg



- **Commons category**: 
    - Nairobi


- **category for the view of the item**: 
    - [Category:Views of Nairobi](https://www.wikidata.org/wiki/Q104596219)


- **category for maps or plans**: 
    - [Category:Maps of Nairobi](https://www.wikidata.org/wiki/Q84054802)


- **category for people born here**: 
    - [Category:Births in Nairobi](https://www.wikidata.org/wiki/Q8064728)


- **category for people who died here**: 
    - [Category:Deaths in Nairobi](https://www.wikidata.org/wiki/Q9688722)


- **category of associated people**: 
    - [Category:People from Nairobi](https://www.wikidata.org/wiki/Q7119121)


- **topic&#x27;s main category**: 
    - [Category:Nairobi](https://www.wikidata.org/wiki/Q8795825)



- **elevation above sea level**: 
    - 1661


- **area**: 
    - 696



- **head of government**: 
    - [Sakaja Johnson](https://www.wikidata.org/wiki/Q28967580) (start time: 2022-01-01T00:00:00Z)

      ![Sakaja Johnson](http://commons.wikimedia.org/wiki/Special:FilePath/Sakaja%20in%202024.jpg)


- **country**: 
    - [Kenya](https://www.wikidata.org/wiki/Q114)

      ![Kenya](http://commons.wikimedia.org/wiki/Special:FilePath/Kenya%20-%20Location%20Map%20%282013%29%20-%20KEN%20-%20UNOCHA.svg)

- **located in the administrative territorial entity**: 
    - [Nairobi City County](https://www.wikidata.org/wiki/Q3335223)

      ![Nairobi City County](http://commons.wikimedia.org/wiki/Special:FilePath/Nairobi%20city%20hall.jpg)


- **coordinate location**: 
    - Point(36.817222222 -1.286388888)


- **locator map image**: 
    - http://commons.wikimedia.org/wiki/Special:FilePath/Nairobi%20County%20location%20map.png



- **population**: 
    - 3138369 (point in time: 2009-01-01T00:00:00Z)

    - 3240155 (point in time: 2010-01-01T00:00:00Z)

    - 5545000 (point in time: 2016-01-01T00:00:00Z)



- **pronunciation audio**: 
    - http://commons.wikimedia.org/wiki/Special:FilePath/Swa-nairobi.ogg (language of work or name: http://www.wikidata.org/entity/Q7838)



- **twinned administrative body**: 
    - [Kunming](https://www.wikidata.org/wiki/Q182852)

      ![Kunming](http://commons.wikimedia.org/wiki/Special:FilePath/%E4%BA%94%E5%8D%8E%E5%8C%BA%E4%B8%8E%E7%9B%98%E9%BE%99%E5%8C%BA%E5%A4%A9%E9%99%85%E7%BA%BF%20-%20%E8%88%AA%E6%8B%8D%20-%202025-05-16%2003.jpg)
    - [Pingxiang](https://www.wikidata.org/wiki/Q362865)

      ![Pingxiang](http://commons.wikimedia.org/wiki/Special:FilePath/Pingxiang%2C%20JX%2C%20PRC.jpg)
    - [Parintins](https://www.wikidata.org/wiki/Q926713)

      ![Parintins](http://commons.wikimedia.org/wiki/Special:FilePath/Parintins%20Amazonas%20Brazil.jpg)
    - [Colonia Tovar](https://www.wikidata.org/wiki/Q964130)

      ![Colonia Tovar](http://commons.wikimedia.org/wiki/Special:FilePath/Colonia-Tovar.jpg)
    - [Denver](https://www.wikidata.org/wiki/Q16554) (start time: 1975-01-01T00:00:00Z)

      ![Denver](http://commons.wikimedia.org/wiki/Special:FilePath/Denver%2C%20Colorado%20skyline%20%28cropped%29.jpg)
    - [Raleigh](https://www.wikidata.org/wiki/Q41087) (start time: 2022-01-01T00:00:00Z)

      ![Raleigh](http://commons.wikimedia.org/wiki/Special:FilePath/Raleigh%20Skyline.jpg)
    - [Rio de Janeiro](https://www.wikidata.org/wiki/Q8678)

      ![Rio de Janeiro](http://commons.wikimedia.org/wiki/Special:FilePath/Cidade%20Maravilhosa.jpg)


- **history of topic**: 
    - [timeline of Nairobi history](https://www.wikidata.org/wiki/Q7805834)


- **economy of topic**: 
    - [economy of Nairobi](https://www.wikidata.org/wiki/Q106020188)



- **official website**: 
    - https://nairobi.go.ke/


- **hashtag**: 
    - Nairobi



- **image**: 
    - http://commons.wikimedia.org/wiki/Special:FilePath/Nairobi%2C%20view%20from%20KICC.JPG


- **instance of**: 
    - [big city](https://www.wikidata.org/wiki/Q1549591)

      ![big city](http://commons.wikimedia.org/wiki/Special:FilePath/Pudong%20Shangai.jpg)
    - [administrative territorial entity of Kenya](https://www.wikidata.org/wiki/Q3976641)


- **flag image**: 
    - http://commons.wikimedia.org/wiki/Special:FilePath/Flag%20of%20Nairobi.svg


- **coat of arms image**: 
    - http://commons.wikimedia.org/wiki/Special:FilePath/Coat%20of%20Arms%20of%20Nairobi.svg


- **part of**: 
    - [Southern Rift Valley](https://www.wikidata.org/wiki/Q14206200)

      ![Southern Rift Valley](http://commons.wikimedia.org/wiki/Special:FilePath/Pt%20Lenana%20Mt%20Kenya.JPG)

- **located in time zone**: 
    - [UTC+03:00](https://www.wikidata.org/wiki/Q6760)

      ![UTC+03:00](http://commons.wikimedia.org/wiki/Special:FilePath/UTC%2B0300%20-%202023.svg)

- **inception**: 
    - 1899-01-01T00:00:00Z


- **Commons gallery**: 
    - Nairobi


- **described by source**: 
    - [Encyclopædia Britannica 11th edition](https://www.wikidata.org/wiki/Q867541) (statement is subject of: http://www.wikidata.org/entity/Q84643330)

      ![Encyclopædia Britannica 11th edition](http://commons.wikimedia.org/wiki/Special:FilePath/Encyclopaedia%20Britannica%201911.svg)

- **capital of**: 
    - [Kenya](https://www.wikidata.org/wiki/Q114) (start time: 1963-01-01T00:00:00Z)

      ![Kenya](http://commons.wikimedia.org/wiki/Special:FilePath/Kenya%20-%20Location%20Map%20%282013%29%20-%20KEN%20-%20UNOCHA.svg)
    - [Nairobi Province](https://www.wikidata.org/wiki/Q1061480)

    - [Kenya Colony](https://www.wikidata.org/wiki/Q2538511) (start time: 1920-01-01T00:00:00Z, end time: 1963-01-01T00:00:00Z)

    - [Nairobi City County](https://www.wikidata.org/wiki/Q3335223)

      ![Nairobi City County](http://commons.wikimedia.org/wiki/Special:FilePath/Nairobi%20city%20hall.jpg)

- **language used**: 
    - [English](https://www.wikidata.org/wiki/Q1860)

      ![English](http://commons.wikimedia.org/wiki/Special:FilePath/William%20Shakespeare%20-%20Sonnet%20XXX%20-%20Rapenburg%2030%2C%20Leiden%20%28cropped%29.JPG)
    - [Maasai](https://www.wikidata.org/wiki/Q35787)

    - [Swahili](https://www.wikidata.org/wiki/Q7838)

      ![Swahili](http://commons.wikimedia.org/wiki/Special:FilePath/Manuscrit%20colonial%20kiswahili-Africa%20Museum.jpg)

- **on focus list of Wikimedia project**: 
    - [Wikipedia:List of articles all languages should have](https://www.wikidata.org/wiki/Q5460604)

    - [Wikipedia:Vital articles/Level/4](https://www.wikidata.org/wiki/Q6173448) (point in time: 2022-10-31T00:00:00Z)


- **open data portal**: 
    - [Nairobi open data](https://www.wikidata.org/wiki/Q97130876)


- **Yale LUX ID**: 
    - place/2594dec6-5ad7-4c29-9b82-864ef69905b3


- **Harper&#x27;s tag**: 
    - nairobi
