---
source: qrender/tests/ir_backends.rs
expression: "textual::render_markdown(&page(\"Q42\", Q42))"
---
# Douglas Adams
*British science fiction writer and humorist (1952–2001)*

## Names
- **given name**: [Douglas](https://www.wikidata.org/wiki/Q463035) (series ordinal: 1, object of statement has role: usual forename); [Noël](https://www.wikidata.org/wiki/Q19688263) (series ordinal: 2)
- **family name**: [Adams](https://www.wikidata.org/wiki/Q351735)
- **name in native language**: Douglas Adams
- **short name**: Douglas Adams
- **birth name**: Douglas Noël Adams
- **pseudonym**: David Agnew (statement is subject of: David Agnew)

## Family
- **father**: [Christopher Douglas Adams](https://www.wikidata.org/wiki/Q14623675)
- **mother**: [Janet Adams](https://www.wikidata.org/wiki/Q14623678)
- **spouse**: [Jane Belson](https://www.wikidata.org/wiki/Q14623681) (end cause: death of subject, start time: 1991-11-25, end time: 2001-05-11)
- **child**: [Polly Adams](https://www.wikidata.org/wiki/Q14623683)
- **sibling**: [Susan Adams](https://www.wikidata.org/wiki/Q14623673) (kinship to subject: younger sister)

## Languages
- **native language**: [English](https://www.wikidata.org/wiki/Q1860)
- **languages spoken, written or signed**: [English](https://www.wikidata.org/wiki/Q1860)

## Vital
- **date of birth**: 1952-03-11
- **place of birth**: [Cambridge](https://www.wikidata.org/wiki/Q350)
- **sex or gender**: [male](https://www.wikidata.org/wiki/Q6581097)
- **date of death**: 2001-05-11
- **place of death**: [Santa Barbara](https://www.wikidata.org/wiki/Q159288)
- **cause of death**: [myocardial infarction](https://www.wikidata.org/wiki/Q12152)
- **manner of death**: [natural causes](https://www.wikidata.org/wiki/Q3739104)
- **place of burial**: [Highgate Cemetery](https://www.wikidata.org/wiki/Q533697) (coordinate location: Point(-0.145444444 51.566527777))

## residence
- **residence**: [Brentwood](https://www.wikidata.org/wiki/Q909993) (start time: 1957-01-01); [Santa Barbara](https://www.wikidata.org/wiki/Q159288) (end cause: death of subject, end time: 2001-05-11); [Cambridge](https://www.wikidata.org/wiki/Q350) (start time: 1952-03-11, end time: 1952-09-01); [London](https://www.wikidata.org/wiki/Q84) (start time: 1952-09-01, end time: 1957-01-01)

## timeline
- **1952** date of birth
- **1959** Brentwood School (educated at)
- **1971** St John's College (educated at)
- **1979** novelist (occupation)
- **1980** Ditmar Award for Best International Fiction (award received)
- **1983** Inkpot Award (award received)
- **1991** Jane Belson (spouse)
- **1996** The Digital Village (employer)
- **2001** date of death

## employer
- **employer**: [British Broadcasting Corporation](https://www.wikidata.org/wiki/Q9531); [The Digital Village](https://www.wikidata.org/wiki/Q3520623) (start time: 1996-01-01)

## educated at
- **educated at**: [Brentwood School](https://www.wikidata.org/wiki/Q4961791) (start time: 1959-01-01, end time: 1970-01-01); [St John's College](https://www.wikidata.org/wiki/Q691283) (academic degree: Bachelor of Arts, start time: 1971-01-01, end time: 1974-01-01, academic major: English literature)

## field of work
- **field of work**: [science fiction literature](https://www.wikidata.org/wiki/Q3238422)

## occupation
- **occupation**: [musician](https://www.wikidata.org/wiki/Q639669); [comedian](https://www.wikidata.org/wiki/Q245068); [writer](https://www.wikidata.org/wiki/Q36180); [children's writer](https://www.wikidata.org/wiki/Q4853732); [playwright](https://www.wikidata.org/wiki/Q214917); [science fiction writer](https://www.wikidata.org/wiki/Q18844224); [screenwriter](https://www.wikidata.org/wiki/Q28389); [novelist](https://www.wikidata.org/wiki/Q6625963) (start time: 1979-01-01)

## genre
- **genre**: [science fiction](https://www.wikidata.org/wiki/Q24925); [comedy](https://www.wikidata.org/wiki/Q40831); [satire](https://www.wikidata.org/wiki/Q128758)

## member of
- **member of**: [Groucho Club](https://www.wikidata.org/wiki/Q5610831); [Footlights](https://www.wikidata.org/wiki/Q857679)

## notable work
- **notable work**: [The Private Life of Genghis Khan](https://www.wikidata.org/wiki/Q7758404); [Dirk Gently series](https://www.wikidata.org/wiki/Q20736364); [The Hitchhiker's Guide to the Galaxy](https://www.wikidata.org/wiki/Q25169)

## image of grave
![image of grave](https://commons.wikimedia.org/wiki/Special:FilePath/Douglas%20Adams'%20gravestone.jpg?width=640)

## official website
- **official website**: <https://douglasadams.com>

## award received
- **award received**: [Inkpot Award](https://www.wikidata.org/wiki/Q2687578) (point in time: 1983-01-01); [Ditmar Award for Best International Fiction](https://www.wikidata.org/wiki/Q131295948) (for work: The Hitchhiker's Guide to the Galaxy, point in time: 1980-01-01)

## archives at
- **archives at**: [St John's College Library](https://www.wikidata.org/wiki/Q67074906) (described at URL: https://www.sjcarchives.org.uk/personal/index.php/papers-of-douglas-noel-adams)

## Physical
- **height**: 1.96 metre
- **eye color**: [brown](https://www.wikidata.org/wiki/Q17122705)

## country of citizenship
- **country of citizenship**: [United Kingdom](https://www.wikidata.org/wiki/Q145)

## religion or worldview
- **religion or worldview**: [atheism](https://www.wikidata.org/wiki/Q7066)

## ethnic group
- **ethnic group**: [White British](https://www.wikidata.org/wiki/Q7994501)

## work location
- **work location**: [London](https://www.wikidata.org/wiki/Q84)

## spoken text audio
![spoken text audio](https://commons.wikimedia.org/wiki/Special:FilePath/Wikipedia%20-%20Douglas%20Adams%20(spoken%20by%20AI%20voice).mp3?width=640)

## instrument
- **instrument**: [guitar](https://www.wikidata.org/wiki/Q6607)

## nominated for
- **nominated for**: [Hugo Award for Best Dramatic Presentation](https://www.wikidata.org/wiki/Q3414212) (for work: The Hitchhiker's Guide to the Galaxy, point in time: 1979-01-01); [Locus Award for Best Science Fiction Novel](https://www.wikidata.org/wiki/Q2576795) (for work: Life, the Universe and Everything, point in time: 1983-01-01)

## Erdős number
**10** (point in time: 2017-04-13)

## start of work period
**1974**

## writing language
- **writing language**: [English](https://www.wikidata.org/wiki/Q1860) (object of statement has role: first language)

## copyright status as a creator
- **copyright status as a creator**: [works protected by copyrights](https://www.wikidata.org/wiki/Q73555012)

## described at URL
- **described at URL**: <https://baike.sogou.com/v367134.htm>; <https://baike.sogou.com/v815123.htm>

## described by source
- **described by source**: [Historical Dictionary of Science Fiction](https://www.wikidata.org/wiki/Q105085344) (URL: https://sfdictionary.com/author/122/douglas-adams)

## topic has template
- **topic has template**: [Template:Douglas Adams](https://www.wikidata.org/wiki/Q22898962)

## different from
- **different from**: [Douglas Adams](https://www.wikidata.org/wiki/Q21454969)

## on focus list of Wikimedia project
- **on focus list of Wikimedia project**: [Wikipedia:Vital articles/Level/4](https://www.wikidata.org/wiki/Q6173448) (point in time: 2022-10-31)

## Categories
- **Commons category**: Douglas Adams
- **related category**: [Category:Films with screenplays by Douglas Adams](https://www.wikidata.org/wiki/Q8722666) (category contains: film with screenplay by this person)
- **topic's main category**: [Category:Douglas Adams](https://www.wikidata.org/wiki/Q8935487)
