---
source: qrender/tests/ir_backends.rs
expression: "textual::render_text(&page(\"Q42\", Q42))"
---
# Douglas Adams
British science fiction writer and humorist (1952–2001)

## Names
given name: Douglas (series ordinal: 1, object of statement has role: usual forename); Noël (series ordinal: 2)
family name: Adams
name in native language: Douglas Adams
short name: Douglas Adams
birth name: Douglas Noël Adams
pseudonym: David Agnew (statement is subject of: David Agnew)

## Family
father: Christopher Douglas Adams
mother: Janet Adams
spouse: Jane Belson (1991 – 2001; end cause: death of subject)
child: Polly Adams
sibling: Susan Adams (kinship to subject: younger sister)

## Languages
native language: English
languages spoken, written or signed: English

## Vital
date of birth: 1952-03-11
place of birth: Cambridge
sex or gender: male
date of death: 2001-05-11
place of death: Santa Barbara
cause of death: myocardial infarction
manner of death: natural causes
place of burial: Highgate Cemetery (coordinate location: Point(-0.145444444 51.566527777))

## residence
residence: Brentwood (1957 –); Santa Barbara (– 2001; end cause: death of subject); Cambridge (1952); London (1952 – 1957)

## timeline
1952: date of birth
1959: Brentwood School (educated at)
1971: St John's College (educated at)
1979: novelist (occupation)
1980: Ditmar Award for Best International Fiction (award received)
1983: Inkpot Award (award received)
1991: Jane Belson (spouse)
1996: The Digital Village (employer)
2001: date of death

## employer
employer: British Broadcasting Corporation; The Digital Village (1996 –)

## educated at
educated at: Brentwood School (1959 – 1970); St John's College (1971 – 1974; academic degree: Bachelor of Arts, academic major: English literature)

## field of work
field of work: science fiction literature

## occupation
occupation: musician; comedian; writer; playwright; screenwriter; novelist (1979 –); children's writer; science fiction writer

## genre
genre: science fiction; comedy; satire

## member of
member of: Groucho Club; Footlights

## notable work
notable work: The Private Life of Genghis Khan; Dirk Gently series; The Hitchhiker's Guide to the Galaxy

## image of grave
image of grave: https://commons.wikimedia.org/wiki/Special:FilePath/Douglas%20Adams'%20gravestone.jpg

## official website
official website: https://douglasadams.com

## award received
award received: Inkpot Award (1983); Ditmar Award for Best International Fiction (1980; for work: The Hitchhiker's Guide to the Galaxy)

## archives at
archives at: St John's College Library (described at URL: https://www.sjcarchives.org.uk/personal/index.php/papers-of-douglas-noel-adams)

## Physical
height: 1.96 metre
eye color: brown

## country of citizenship
country of citizenship: United Kingdom

## religion or worldview
religion or worldview: atheism

## ethnic group
ethnic group: White British

## work location
work location: London

## spoken text audio
spoken text audio: https://commons.wikimedia.org/wiki/Special:FilePath/Wikipedia%20-%20Douglas%20Adams%20(spoken%20by%20AI%20voice).mp3

## instrument
instrument: guitar

## nominated for
nominated for: Hugo Award for Best Dramatic Presentation (1979; for work: The Hitchhiker's Guide to the Galaxy); Locus Award for Best Science Fiction Novel (1983; for work: Life, the Universe and Everything)

## Erdős number
10 (2017)

## start of work period
1974

## writing language
writing language: English (object of statement has role: first language)

## copyright status as a creator
copyright status as a creator: works protected by copyrights

## described at URL
described at URL: https://baike.sogou.com/v367134.htm; https://baike.sogou.com/v815123.htm

## described by source
described by source: Historical Dictionary of Science Fiction (URL: https://sfdictionary.com/author/122/douglas-adams)

## topic has template
topic has template: Template:Douglas Adams

## different from
different from: Douglas Adams

## on focus list of Wikimedia project
on focus list of Wikimedia project: Wikipedia:Vital articles/Level/4 (2022)

## Categories
Commons category: Douglas Adams
related category: Category:Films with screenplays by Douglas Adams (category contains: film with screenplay by this person)
topic's main category: Category:Douglas Adams
