---
source: qrender/tests/ir_backends.rs
expression: "textual::render_wikitext(&page(\"Q3870\", Q3870))"
---
'''Nairobi'''
capital city of Kenya

== Names ==
;official name
:* Nairobi
;native label
:* Nairobi
;demonym
:* Nairobien (applies to part: masculine singular)
:* Nairobienne (applies to part: feminine singular)
:* Nairobian
:* nairobienne (applies to part: feminine singular)
:* Monairobi
:* nairobien (applies to part: masculine singular)
:* Najrobiano

== Articleimage ==
[[File:Nairobi banner.jpg|thumb|page banner]]
[[File:Nairobi economic capital of africa.jpg|thumb|nighttime view]]
[[File:Nairobi Aerial Photo.jpg|thumb|aerial view]]
[[File:Nairobi Montage A.jpg|thumb|montage image]]

== category for the view of the item ==
:* [[wikidata:Q104596219|Category:Views of Nairobi]]

== category for maps or plans ==
:* [[wikidata:Q84054802|Category:Maps of Nairobi]]

== category for people born here ==
:* [[wikidata:Q8064728|Category:Births in Nairobi]]

== category for people who died here ==
:* [[wikidata:Q9688722|Category:Deaths in Nairobi]]

== category of associated people ==
:* [[wikidata:Q7119121|Category:People from Nairobi]]

== topic's main category ==
:* [[wikidata:Q8795825|Category:Nairobi]]

== Commons category ==
:* Nairobi

== Geography ==
;elevation above sea level
:* 1661 metre
;area
:* 696 square kilometre

== head of government ==
:* [[wikidata:Q28967580|Sakaja Johnson]] (start time: 2022-01-01)

== country ==
:* [[wikidata:Q114|Kenya]]

== located in the administrative territorial entity ==
:* [[wikidata:Q3335223|Nairobi City County]]

== coordinate location ==
:* -1.286388888, 36.817222222

== locator map image ==
[[File:Nairobi County location map.png|thumb|locator map image]]

== population ==
:* 5545000 (2016)
:* 2009: 3138369
:* 2010: 3240155
:* 2016: 5545000

== pronunciation audio ==
[[File:Swa-nairobi.ogg|thumb|pronunciation audio]]

== twinned administrative body ==
:* [[wikidata:Q41087|Raleigh]] (start time: 2022-01-01)
:* [[wikidata:Q182852|Kunming]]
:* [[wikidata:Q964130|Colonia Tovar]]
:* [[wikidata:Q16554|Denver]] (start time: 1975-01-01)
:* [[wikidata:Q8678|Rio de Janeiro]]
:* [[wikidata:Q362865|Pingxiang]]
:* [[wikidata:Q926713|Parintins]]

== history of topic ==
:* [[wikidata:Q7805834|timeline of Nairobi history]]

== economy of topic ==
:* [[wikidata:Q106020188|economy of Nairobi]]

== Web ==
:* [https://nairobi.go.ke/ official website]

== hashtag ==
:* Nairobi

== image ==
[[File:Nairobi, view from KICC.JPG|thumb|image]]

== flag image ==
[[File:Flag of Nairobi.svg|thumb|flag image]]

== coat of arms image ==
[[File:Coat of Arms of Nairobi.svg|thumb|coat of arms image]]

== part of ==
:* [[wikidata:Q14206200|Southern Rift Valley]]

== located in time zone ==
:* [[wikidata:Q6760|UTC+03:00]]

== inception ==
:* 1899

== Commons gallery ==
:* Nairobi

== described by source ==
:* [[wikidata:Q867541|Encyclopædia Britannica 11th edition]] (statement is subject of: 1911 Encyclopædia Britannica/Nairobi)

== capital of ==
:* [[wikidata:Q1061480|Nairobi Province]]
:* [[wikidata:Q114|Kenya]] (start time: 1963-01-01)
:* [[wikidata:Q3335223|Nairobi City County]]
:* [[wikidata:Q2538511|Kenya Colony]] (start time: 1920-01-01, end time: 1963-01-01)

== language used ==
:* [[wikidata:Q1860|English]]
:* [[wikidata:Q7838|Swahili]]
:* [[wikidata:Q35787|Maasai]]

== on focus list of Wikimedia project ==
:* [[wikidata:Q5460604|Wikipedia:List of articles all languages should have]]
:* [[wikidata:Q6173448|Wikipedia:Vital articles/Level/4]] (point in time: 2022-10-31)

== open data portal ==
:* [[wikidata:Q97130876|Nairobi open data]]
