---
source: qrender/tests/ir_backends.rs
expression: "textual::render_text(&page(\"Q3870\", Q3870))"
---
# Nairobi
capital city of Kenya

## Articleimage
page banner: https://commons.wikimedia.org/wiki/Special:FilePath/Nairobi%20banner.jpg
nighttime view: https://commons.wikimedia.org/wiki/Special:FilePath/Nairobi%20economic%20capital%20of%20africa.jpg
aerial view: https://commons.wikimedia.org/wiki/Special:FilePath/Nairobi%20Aerial%20Photo.jpg
montage image: https://commons.wikimedia.org/wiki/Special:FilePath/Nairobi%20Montage%20A.jpg

## Names
official name: Nairobi
native label: Nairobi
demonym: Nairobien (applies to part: masculine singular); Nairobienne (applies to part: feminine singular); Nairobian; nairobienne (applies to part: feminine singular); Monairobi; nairobien (applies to part: masculine singular); Najrobiano

## Geography
elevation above sea level: 1661 metre
area: 696 square kilometre

## head of government
Sakaja Johnson (start time: 2022-01-01)

## country
Kenya

## located in the administrative territorial entity
Nairobi City County

## coordinate location
-1.286388888, 36.817222222

## locator map image
locator map image: https://commons.wikimedia.org/wiki/Special:FilePath/Nairobi%20County%20location%20map.png

## population
5545000 (2016)
  2009: 3138369
  2010: 3240155
  2016: 5545000

## pronunciation audio
pronunciation audio: https://commons.wikimedia.org/wiki/Special:FilePath/Swa-nairobi.ogg

## twinned administrative body
Raleigh (start time: 2022-01-01); Kunming; Colonia Tovar; Denver (start time: 1975-01-01); Rio de Janeiro; Pingxiang; Parintins

## history of topic
timeline of Nairobi history

## economy of topic
economy of Nairobi

## Web
official website: https://nairobi.go.ke/

## hashtag
Nairobi

## flag image
flag image: https://commons.wikimedia.org/wiki/Special:FilePath/Flag%20of%20Nairobi.svg

## coat of arms image
coat of arms image: https://commons.wikimedia.org/wiki/Special:FilePath/Coat%20of%20Arms%20of%20Nairobi.svg

## part of
Southern Rift Valley

## located in time zone
UTC+03:00

## inception
1899

## Commons gallery
Nairobi

## described by source
Encyclopædia Britannica 11th edition (statement is subject of: 1911 Encyclopædia Britannica/Nairobi)

## capital of
Nairobi Province; Kenya (start time: 1963-01-01); Nairobi City County; Kenya Colony (start time: 1920-01-01, end time: 1963-01-01)

## language used
English; Swahili; Maasai

## on focus list of Wikimedia project
Wikipedia:List of articles all languages should have; Wikipedia:Vital articles/Level/4 (point in time: 2022-10-31)

## open data portal
Nairobi open data

## category for the view of the item
Category:Views of Nairobi

## category for maps or plans
Category:Maps of Nairobi

## category for people born here
Category:Births in Nairobi

## category for people who died here
Category:Deaths in Nairobi

## category of associated people
Category:People from Nairobi

## topic's main category
Category:Nairobi

## Commons category
Nairobi
