---
source: qrender/tests/ir_backends.rs
expression: "textual::render_text(&page(\"Q42\", Q42))"
---
# Douglas Adams
British science fiction writer and humorist (1952–2001)

## given name
Douglas (series ordinal: 1, object of statement has role: usual forename); Noël (series ordinal: 2)

## family name
Adams

## Names
name in native language: Douglas Adams
short name: Douglas Adams
birth name: Douglas Noël Adams
pseudonym: David Agnew (statement is subject of: David Agnew)

## image of grave
image of grave: https://commons.wikimedia.org/wiki/Special:FilePath/Douglas%20Adams'%20gravestone.jpg

## related category
Category:Films with screenplays by Douglas Adams (category contains: film with screenplay by this person)

## topic's main category
Category:Douglas Adams

## Commons category
Douglas Adams

## child
Polly Adams

## cause of death
myocardial infarction

## manner of death
natural causes

## employer
The Digital Village (start time: 1996-01-01); British Broadcasting Corporation

## native language
English

## languages spoken, written or signed
English

## sex or gender
male

## Life
date of birth: 1952-03-11
date of death: 2001-05-11

## place of birth
Cambridge

## place of death
Santa Barbara

## place of burial
Highgate Cemetery (coordinate location: Point(-0.145444444 51.566527777))

## father
Christopher Douglas Adams

## mother
Janet Adams

## eye color
brown

## height
1.96 metre

## spouse
Jane Belson (end cause: death of subject, start time: 1991-11-25, end time: 2001-05-11)

## Web
official website: https://douglasadams.com

## image
image: https://commons.wikimedia.org/wiki/Special:FilePath/Douglas%20adams%20portrait.jpg

## country of citizenship
United Kingdom

## instance of
human (statement is subject of: Q42)

## educated at
Brentwood School (start time: 1959-01-01, end time: 1970-01-01); St John's College (academic degree: Bachelor of Arts, start time: 1971-01-01, end time: 1974-01-01, academic major: English literature)

## field of work
science fiction literature

## occupation
musician; comedian; writer; children's writer; novelist (start time: 1979-01-01); playwright; science fiction writer; screenwriter

## signature
signature: https://commons.wikimedia.org/wiki/Special:FilePath/Douglas%20Adams%20signature.svg

## genre
science fiction; comedy; satire

## religion or worldview
atheism

## award received
Inkpot Award (point in time: 1983-01-01); Ditmar Award for Best International Fiction (for work: The Hitchhiker's Guide to the Galaxy, point in time: 1980-01-01)

## ethnic group
White British

## member of
Groucho Club; Footlights

## archives at
St John's College Library (described at URL: https://www.sjcarchives.org.uk/personal/index.php/papers-of-douglas-noel-adams)

## residence
Brentwood (start time: 1957-01-01); Cambridge (start time: 1952-03-11, end time: 1952-09-01); London (start time: 1952-09-01, end time: 1957-01-01); Santa Barbara (end cause: death of subject, end time: 2001-05-11)

## notable work
The Private Life of Genghis Khan; Dirk Gently series; The Hitchhiker's Guide to the Galaxy

## work location
London

## described at URL
described at URL: https://baike.sogou.com/v367134.htm
described at URL: https://baike.sogou.com/v815123.htm

## spoken text audio
spoken text audio: https://commons.wikimedia.org/wiki/Special:FilePath/Wikipedia%20-%20Douglas%20Adams%20(spoken%20by%20AI%20voice).mp3

## instrument
guitar

## described by source
Historical Dictionary of Science Fiction (URL: https://sfdictionary.com/author/122/douglas-adams)

## nominated for
Hugo Award for Best Dramatic Presentation (for work: The Hitchhiker's Guide to the Galaxy, point in time: 1979-01-01); Locus Award for Best Science Fiction Novel (for work: Life, the Universe and Everything, point in time: 1983-01-01)

## topic has template
Template:Douglas Adams

## different from
Douglas Adams

## Erdős number
10 (point in time: 2017-04-13)

## start of work period
1974

## sibling
Susan Adams (kinship to subject: younger sister)

## on focus list of Wikimedia project
Wikipedia:Vital articles/Level/4 (point in time: 2022-10-31)

## writing language
English (object of statement has role: first language)

## copyright status as a creator
works protected by copyrights
