---
source: qrender/tests/ir_backends.rs
expression: "textual::render_html(&page(\"Q3870\", Q3870))"
---
<article>
<h1>Nairobi</h1>
<p>capital city of Kenya</p>
<section>
<h2>Geography</h2>
<dl>
<dt>elevation above sea level</dt>
<dd>1661 metre</dd>
<dt>area</dt>
<dd>696 square kilometre</dd>
</dl>
</section>
<section>
<h2>Located in</h2>
<dl>
<dt>country</dt>
<dd><a href="https://www.wikidata.org/wiki/Q114">Kenya</a></dd>
<dt>located in the administrative territorial entity</dt>
<dd><a href="https://www.wikidata.org/wiki/Q3335223">Nairobi City County</a></dd>
<dt>capital of</dt>
<dd><a href="https://www.wikidata.org/wiki/Q1061480">Nairobi Province</a></dd>
<dd><a href="https://www.wikidata.org/wiki/Q3335223">Nairobi City County</a></dd>
<dd><a href="https://www.wikidata.org/wiki/Q114">Kenya</a> (1963 –)</dd>
<dd><a href="https://www.wikidata.org/wiki/Q2538511">Kenya Colony</a> (1920 – 1963)</dd>
</dl>
</section>
<section>
<h2>coordinate location</h2>
<p>-1.286388888, 36.817222222</p>
</section>
<section>
<h2>located in time zone</h2>
<dl>
<dt>located in time zone</dt>
<dd><a href="https://www.wikidata.org/wiki/Q6760">UTC+03:00</a></dd>
</dl>
</section>
<section>
<h2>inception</h2>
<p><strong>1899</strong></p>
</section>
<section>
<h2>population</h2>
<p><strong>5545000</strong> (2016)</p>
<ul>
<li>2009: 3138369</li>
<li>2010: 3240155</li>
<li>2016: 5545000</li>
</ul>
</section>
<section>
<h2>head of government</h2>
<dl>
<dt>head of government</dt>
<dd><a href="https://www.wikidata.org/wiki/Q28967580">Sakaja Johnson</a> (2022 –)</dd>
</dl>
</section>
<section>
<h2>flag image</h2>
<figure><img src="https://commons.wikimedia.org/wiki/Special:FilePath/Flag%20of%20Nairobi.svg?width=640" alt="flag image"></figure>
</section>
<section>
<h2>coat of arms image</h2>
<figure><img src="https://commons.wikimedia.org/wiki/Special:FilePath/Coat%20of%20Arms%20of%20Nairobi.svg?width=640" alt="coat of arms image"></figure>
</section>
<section>
<h2>Articleimage</h2>
<figure><img src="https://commons.wikimedia.org/wiki/Special:FilePath/Nairobi%20economic%20capital%20of%20africa.jpg?width=640" alt="nighttime view"></figure>
<figure><img src="https://commons.wikimedia.org/wiki/Special:FilePath/Nairobi%20Aerial%20Photo.jpg?width=640" alt="aerial view"></figure>
<figure><img src="https://commons.wikimedia.org/wiki/Special:FilePath/Nairobi%20Montage%20A.jpg?width=640" alt="montage image"></figure>
</section>
<section>
<h2>Names</h2>
<dl>
<dt>official name</dt>
<dd>Nairobi</dd>
<dt>native label</dt>
<dd>Nairobi</dd>
<dt>demonym</dt>
<dd>Nairobien (applies to part: masculine singular)</dd>
<dd>Nairobienne (applies to part: feminine singular)</dd>
<dd>Nairobian</dd>
<dd>nairobienne (applies to part: feminine singular)</dd>
<dd>Monairobi</dd>
<dd>nairobien (applies to part: masculine singular)</dd>
<dd>Najrobiano</dd>
</dl>
</section>
<section>
<h2>locator map image</h2>
<figure><img src="https://commons.wikimedia.org/wiki/Special:FilePath/Nairobi%20County%20location%20map.png?width=640" alt="locator map image"></figure>
</section>
<section>
<h2>pronunciation audio</h2>
<figure><img src="https://commons.wikimedia.org/wiki/Special:FilePath/Swa-nairobi.ogg?width=640" alt="pronunciation audio"></figure>
</section>
<section>
<h2>twinned administrative body</h2>
<dl>
<dt>twinned administrative body</dt>
<dd><a href="https://www.wikidata.org/wiki/Q182852">Kunming</a></dd>
<dd><a href="https://www.wikidata.org/wiki/Q964130">Colonia Tovar</a></dd>
<dd><a href="https://www.wikidata.org/wiki/Q8678">Rio de Janeiro</a></dd>
<dd><a href="https://www.wikidata.org/wiki/Q362865">Pingxiang</a></dd>
<dd><a href="https://www.wikidata.org/wiki/Q926713">Parintins</a></dd>
<dd><a href="https://www.wikidata.org/wiki/Q16554">Denver</a> (1975 –)</dd>
<dd><a href="https://www.wikidata.org/wiki/Q41087">Raleigh</a> (2022 –)</dd>
</dl>
</section>
<section>
<h2>Topics</h2>
<dl>
<dt>history of topic</dt>
<dd><a href="https://www.wikidata.org/wiki/Q7805834">timeline of Nairobi history</a></dd>
<dt>economy of topic</dt>
<dd><a href="https://www.wikidata.org/wiki/Q106020188">economy of Nairobi</a></dd>
</dl>
</section>
<section>
<h2>Web</h2>
<dl>
<dt>official website</dt>
<dd><a href="https://nairobi.go.ke/">https://nairobi.go.ke/</a></dd>
<dt>hashtag</dt>
<dd>Nairobi</dd>
</dl>
</section>
<section>
<h2>image</h2>
<figure><img src="https://commons.wikimedia.org/wiki/Special:FilePath/Nairobi,%20view%20from%20KICC.JPG?width=640" alt="image"></figure>
</section>
<section>
<h2>part of</h2>
<dl>
<dt>part of</dt>
<dd><a href="https://www.wikidata.org/wiki/Q14206200">Southern Rift Valley</a></dd>
</dl>
</section>
<section>
<h2>language used</h2>
<dl>
<dt>language used</dt>
<dd><a href="https://www.wikidata.org/wiki/Q1860">English</a></dd>
<dd><a href="https://www.wikidata.org/wiki/Q7838">Swahili</a></dd>
<dd><a href="https://www.wikidata.org/wiki/Q35787">Maasai</a></dd>
</dl>
</section>
<section>
<h2>open data portal</h2>
<dl>
<dt>open data portal</dt>
<dd><a href="https://www.wikidata.org/wiki/Q97130876">Nairobi open data</a></dd>
</dl>
</section>
<section>
<h2>Commons gallery</h2>
<p><strong>Nairobi</strong></p>
</section>
<section>
<h2>described by source</h2>
<dl>
<dt>described by source</dt>
<dd><a href="https://www.wikidata.org/wiki/Q867541">Encyclopædia Britannica 11th edition</a> (statement is subject of: 1911 Encyclopædia Britannica/Nairobi)</dd>
</dl>
</section>
<section>
<h2>on focus list of Wikimedia project</h2>
<dl>
<dt>on focus list of Wikimedia project</dt>
<dd><a href="https://www.wikidata.org/wiki/Q5460604">Wikipedia:List of articles all languages should have</a></dd>
<dd><a href="https://www.wikidata.org/wiki/Q6173448">Wikipedia:Vital articles/Level/4</a> (2022)</dd>
</dl>
</section>
<section>
<h2>Categories</h2>
<dl>
<dt>Commons category</dt>
<dd>Nairobi</dd>
<dt>category for the view of the item</dt>
<dd><a href="https://www.wikidata.org/wiki/Q104596219">Category:Views of Nairobi</a></dd>
<dt>category for maps or plans</dt>
<dd><a href="https://www.wikidata.org/wiki/Q84054802">Category:Maps of Nairobi</a></dd>
<dt>category for people born here</dt>
<dd><a href="https://www.wikidata.org/wiki/Q8064728">Category:Births in Nairobi</a></dd>
<dt>category for people who died here</dt>
<dd><a href="https://www.wikidata.org/wiki/Q9688722">Category:Deaths in Nairobi</a></dd>
<dt>category of associated people</dt>
<dd><a href="https://www.wikidata.org/wiki/Q7119121">Category:People from Nairobi</a></dd>
<dt>topic's main category</dt>
<dd><a href="https://www.wikidata.org/wiki/Q8795825">Category:Nairobi</a></dd>
</dl>
</section>
</article>
