---
source: qrender/tests/ir_backends.rs
expression: "textual::render_markdown(&page(\"Q173399\", Q173399))"
---
# Elliot Page
*Canadian actor*

## Names
- **given name**: [Elliot](https://www.wikidata.org/wiki/Q19826493) (start time: 2020-12-01)
- **family name**: [Page](https://www.wikidata.org/wiki/Q13563379) (reason for preferred rank: currently valid value); [Philpotts](https://www.wikidata.org/wiki/Q37514091) (end time: 2020-12-01)
- **name in native language**: Elliot Page (start time: 2020-12-01)
- **birth name**: Ellen Grace Philpotts-Page (object of statement has role: deadname)

## spouse
- **spouse**: [Emma Portner](https://www.wikidata.org/wiki/Q48775294) (start time: 2018-01-01, end time: 2021-01-01)

## Languages
- **native language**: [Canadian English](https://www.wikidata.org/wiki/Q44676)
- **languages spoken, written or signed**: [English](https://www.wikidata.org/wiki/Q1860)

## Vital
- **date of birth**: 1987-02-21 (reason for preferred rank: most precise value); 1987
- **place of birth**: [Halifax](https://www.wikidata.org/wiki/Q2141); [Halifax](https://www.wikidata.org/wiki/Q3246744)
- **sex or gender**: [non-binary](https://www.wikidata.org/wiki/Q48270) (announcement date: 2020-12-01); [trans man](https://www.wikidata.org/wiki/Q2449503) (announcement date: 2020-12-01)

## timeline
- **1987** date of birth
- **1987** date of birth
- **2004** Gemini Award (award received)
- **2007** Satellite Award for Best Actress – Motion Picture (award received)
- **2008** Independent Spirit Award for Best Female Lead (award received)
- **2018** Emma Portner (spouse)
- **2024** Time 100 (award received)

## educated at
- **educated at**: [Shambhala School](https://www.wikidata.org/wiki/Q7487458); [Vaughan Road Academy](https://www.wikidata.org/wiki/Q7917312); [Halifax Grammar School](https://www.wikidata.org/wiki/Q14875677); [Queen Elizabeth High School](https://www.wikidata.org/wiki/Q7270334)

## field of work
- **field of work**: [activism](https://www.wikidata.org/wiki/Q203764); [film production](https://www.wikidata.org/wiki/Q932586); [film direction](https://www.wikidata.org/wiki/Q12765827); [acting](https://www.wikidata.org/wiki/Q222749)

## occupation
- **occupation**: [film actor](https://www.wikidata.org/wiki/Q10800557); [director](https://www.wikidata.org/wiki/Q3455803); [film director](https://www.wikidata.org/wiki/Q2526255); [television presenter](https://www.wikidata.org/wiki/Q947873); [activist](https://www.wikidata.org/wiki/Q15253558); [film producer](https://www.wikidata.org/wiki/Q3282637); [actor](https://www.wikidata.org/wiki/Q33999)

## award received
- **award received**: [Gemini Award](https://www.wikidata.org/wiki/Q923408) (point in time: 2004-01-01); [Canadian Comedy Award for Best Performance by a Female – Film](https://www.wikidata.org/wiki/Q115796547); [Satellite Award for Best Actress – Motion Picture](https://www.wikidata.org/wiki/Q1371682) (for work: Juno, point in time: 2007-01-01, statement is subject of: Satellite Awards 2007); [Time 100](https://www.wikidata.org/wiki/Q604370) (point in time: 2024-01-01); [Independent Spirit Award for Best Female Lead](https://www.wikidata.org/wiki/Q2544851) (for work: Juno, point in time: 2008-01-01)

## height
**1.55 metre**

## country of citizenship
- **country of citizenship**: [Canada](https://www.wikidata.org/wiki/Q16)

## sexual orientation
- **sexual orientation**: [non-heterosexuality](https://www.wikidata.org/wiki/Q339014) (object named as: queer)

## religion or worldview
- **religion or worldview**: [atheism](https://www.wikidata.org/wiki/Q7066) (point in time: 2021-03-16)

## work location
- **work location**: [Beverly Hills](https://www.wikidata.org/wiki/Q127856)

## nominated for
- **nominated for**: [Primetime Emmy Award](https://www.wikidata.org/wiki/Q1044427); [Empire Awards](https://www.wikidata.org/wiki/Q24616); [British Academy Games Award for Performer](https://www.wikidata.org/wiki/Q19650475) (for work: Beyond: Two Souls, point in time: 2014-02-12, statement is subject of: 10th British Academy Games Awards); [Academy Award for Best Actress](https://www.wikidata.org/wiki/Q103618) (for work: Juno, point in time: 2008-01-22, statement is subject of: 80th Academy Awards); [Genie Awards](https://www.wikidata.org/wiki/Q1502249)

## lifestyle
- **lifestyle**: [veganism](https://www.wikidata.org/wiki/Q181138)

## start of work period
**1997**

## personal pronoun
- **personal pronoun**: <http://www.wikidata.org/entity/L371>; <http://www.wikidata.org/entity/L485>

## social media followers
**1974124** (2021)
- 2021: 1907770
- 2021: 1974124
- 2021: 5058816

## Commons category
**Elliot Page**
