---
source: qrender/tests/ir_backends.rs
expression: "textual::render_text(&page(\"Q3870\", Q3870))"
---
# Nairobi
capital city of Kenya

## Geography
elevation above sea level: 1661 metre
area: 696 square kilometre

## Located in
country: Kenya
located in the administrative territorial entity: Nairobi City County
capital of: Nairobi Province; Nairobi City County; Kenya (1963 –); Kenya Colony (1920 – 1963)

## coordinate location
-1.286388888, 36.817222222

## located in time zone
located in time zone: UTC+03:00

## inception
1899

## population
5545000 (2016)
  2009: 3138369
  2010: 3240155
  2016: 5545000

## head of government
head of government: Sakaja Johnson (2022 –)

## flag image
flag image: https://commons.wikimedia.org/wiki/Special:FilePath/Flag%20of%20Nairobi.svg

## coat of arms image
coat of arms image: https://commons.wikimedia.org/wiki/Special:FilePath/Coat%20of%20Arms%20of%20Nairobi.svg

## Articleimage
nighttime view: https://commons.wikimedia.org/wiki/Special:FilePath/Nairobi%20economic%20capital%20of%20africa.jpg
aerial view: https://commons.wikimedia.org/wiki/Special:FilePath/Nairobi%20Aerial%20Photo.jpg
montage image: https://commons.wikimedia.org/wiki/Special:FilePath/Nairobi%20Montage%20A.jpg

## Names
official name: Nairobi
native label: Nairobi
demonym: Nairobien (applies to part: masculine singular); Nairobienne (applies to part: feminine singular); Nairobian; nairobienne (applies to part: feminine singular); Monairobi; nairobien (applies to part: masculine singular); Najrobiano

## locator map image
locator map image: https://commons.wikimedia.org/wiki/Special:FilePath/Nairobi%20County%20location%20map.png

## pronunciation audio
pronunciation audio: https://commons.wikimedia.org/wiki/Special:FilePath/Swa-nairobi.ogg

## twinned administrative body
twinned administrative body: Kunming; Colonia Tovar; Rio de Janeiro; Pingxiang; Parintins; Denver (1975 –); Raleigh (2022 –)

## Topics
history of topic: timeline of Nairobi history
economy of topic: economy of Nairobi

## Web
official website: https://nairobi.go.ke/
hashtag: Nairobi

## image
image: https://commons.wikimedia.org/wiki/Special:FilePath/Nairobi,%20view%20from%20KICC.JPG

## part of
part of: Southern Rift Valley

## language used
language used: English; Swahili; Maasai

## open data portal
open data portal: Nairobi open data

## Commons gallery
Nairobi

## described by source
described by source: Encyclopædia Britannica 11th edition (statement is subject of: 1911 Encyclopædia Britannica/Nairobi)

## on focus list of Wikimedia project
on focus list of Wikimedia project: Wikipedia:List of articles all languages should have; Wikipedia:Vital articles/Level/4 (2022)

## Categories
Commons category: Nairobi
category for the view of the item: Category:Views of Nairobi
category for maps or plans: Category:Maps of Nairobi
category for people born here: Category:Births in Nairobi
category for people who died here: Category:Deaths in Nairobi
category of associated people: Category:People from Nairobi
topic's main category: Category:Nairobi
